This is pdfeTeX, Version 3.141592-1.21a-2.2 (Web2C 7.5.4) (format=latex 2005.7.1)  18 JAN 2010 19:01
entering extended mode
**./images.tex
(./images.tex
LaTeX2e <2003/12/01>
Babel <v3.8d> and hyphenation patterns for american, french, german, ngerman, b
ahasa, basque, bulgarian, catalan, croatian, czech, danish, dutch, esperanto, e
stonian, finnish, greek, icelandic, irish, italian, latin, magyar, norsk, polis
h, portuges, romanian, russian, serbian, slovak, slovene, spanish, swedish, tur
kish, ukrainian, nohyphenation, loaded.

(/opt/csw/share/texmf-dist/tex/latex/base/article.cls
Document Class: article 2004/02/16 v1.4f Standard LaTeX document class
(/opt/csw/share/texmf-dist/tex/latex/base/size12.clo
File: size12.clo 2004/02/16 v1.4f Standard LaTeX file (size option)
)
\c@part=\count79
\c@section=\count80
\c@subsection=\count81
\c@subsubsection=\count82
\c@paragraph=\count83
\c@subparagraph=\count84
\c@figure=\count85
\c@table=\count86
\abovecaptionskip=\skip41
\belowcaptionskip=\skip42
\bibindent=\dimen102
) (/opt/csw/share/texmf-dist/tex/latex/base/ifthen.sty
Package: ifthen 2001/05/26 v1.1c Standard LaTeX ifthen package (DPC)
) (/opt/csw/share/texmf-dist/tex/latex/amsmath/amsmath.sty
Package: amsmath 2000/07/18 v2.13 AMS math features
\@mathmargin=\skip43
For additional information on amsmath, use the `?' option.
(/opt/csw/share/texmf-dist/tex/latex/amsmath/amstext.sty
Package: amstext 2000/06/29 v2.01
(/opt/csw/share/texmf-dist/tex/latex/amsmath/amsgen.sty
File: amsgen.sty 1999/11/30 v2.0
\@emptytoks=\toks14
\ex@=\dimen103
)) (/opt/csw/share/texmf-dist/tex/latex/amsmath/amsbsy.sty
Package: amsbsy 1999/11/29 v1.2d
\pmbraise@=\dimen104
) (/opt/csw/share/texmf-dist/tex/latex/amsmath/amsopn.sty
Package: amsopn 1999/12/14 v2.01 operator names
)
\inf@bad=\count87
LaTeX Info: Redefining \frac on input line 211.
\uproot@=\count88
\leftroot@=\count89
LaTeX Info: Redefining \overline on input line 307.
\classnum@=\count90
\DOTSCASE@=\count91
LaTeX Info: Redefining \ldots on input line 379.
LaTeX Info: Redefining \dots on input line 382.
LaTeX Info: Redefining \cdots on input line 467.
\Mathstrutbox@=\box26
\strutbox@=\box27
\big@size=\dimen105
LaTeX Font Info:    Redeclaring font encoding OML on input line 567.
LaTeX Font Info:    Redeclaring font encoding OMS on input line 568.
\macc@depth=\count92
\c@MaxMatrixCols=\count93
\dotsspace@=\muskip10
\c@parentequation=\count94
\dspbrk@lvl=\count95
\tag@help=\toks15
\row@=\count96
\column@=\count97
\maxfields@=\count98
\andhelp@=\toks16
\eqnshift@=\dimen106
\alignsep@=\dimen107
\tagshift@=\dimen108
\tagwidth@=\dimen109
\totwidth@=\dimen110
\lineht@=\dimen111
\@envbody=\toks17
\multlinegap=\skip44
\multlinetaggap=\skip45
\mathdisplay@stack=\toks18
LaTeX Info: Redefining \[ on input line 2666.
LaTeX Info: Redefining \] on input line 2667.
) (/opt/csw/share/texmf-dist/tex/latex/amsfonts/amssymb.sty
Package: amssymb 2002/01/22 v2.2d
(/opt/csw/share/texmf-dist/tex/latex/amsfonts/amsfonts.sty
Package: amsfonts 2001/10/25 v2.2f
\symAMSa=\mathgroup4
\symAMSb=\mathgroup5
LaTeX Font Info:    Overwriting math alphabet `\mathfrak' in version `bold'
(Font)                  U/euf/m/n --> U/euf/b/n on input line 132.
)) (/opt/csw/share/texmf-dist/tex/generic/babel/babel.sty
Package: babel 2004/11/20 v3.8d The Babel package
(/opt/csw/share/texmf-dist/tex/generic/babel/frenchb.ldf
Language: french 2004/04/02 v1.6f French support from the babel system
(/opt/csw/share/texmf-dist/tex/generic/babel/babel.def
File: babel.def 2004/11/20 v3.8d Babel common definitions
\babel@savecnt=\count99
\U@D=\dimen112
)
Package babel Info: Making : an active character on input line 219.
Package babel Info: Making ; an active character on input line 220.
Package babel Info: Making ! an active character on input line 221.
Package babel Info: Making ? an active character on input line 222.
LaTeX Font Info:    Redeclaring font encoding T1 on input line 299.
\parindentFFN=\dimen113
\std@mcc=\count100
\dec@mcc=\count101
*************************************
* Local config file frenchb.cfg used
*
(/opt/csw/share/texmf-dist/tex/generic/babel/frenchb.cfg))) (/opt/csw/share/tex
mf-dist/tex/latex/base/inputenc.sty
Package: inputenc 2004/02/05 v1.0d Input encoding file
(/opt/csw/share/texmf-dist/tex/latex/base/latin1.def
File: latin1.def 2004/02/05 v1.0d Input encoding file
)) (/opt/csw/share/texmf-dist/tex/latex/base/fontenc.sty
Package: fontenc 2004/02/22 v1.99f Standard LaTeX package
(/opt/csw/share/texmf-dist/tex/latex/base/t1enc.def
File: t1enc.def 2004/02/22 v1.99f Standard LaTeX file
LaTeX Font Info:    Redeclaring font encoding T1 on input line 43.
)) (/opt/csw/share/texmf-dist/tex/generic/xypic/xy.sty (/opt/csw/share/texmf-di
st/tex/generic/xypic/xy.tex Bootstrap'ing: catcodes, docmode, (/opt/csw/share/t
exmf-dist/tex/generic/xypic/xyrecat.tex) (/opt/csw/share/texmf-dist/tex/generic
/xypic/xyidioms.tex)

 Xy-pic version 3.7 <1999/02/16>
 Copyright (c) 1991-1998 by Kristoffer H. Rose <krisrose@ens-lyon.fr>
 Xy-pic is free software: see the User's Guide for details.

Loading kernel: messages; fonts; allocations: state,
\X@c=\dimen114
\Y@c=\dimen115
\U@c=\dimen116
\D@c=\dimen117
\L@c=\dimen118
\R@c=\dimen119
\Edge@c=\toks19
\X@p=\dimen120
\Y@p=\dimen121
\U@p=\dimen122
\D@p=\dimen123
\L@p=\dimen124
\R@p=\dimen125
\Edge@p=\toks20
\X@origin=\dimen126
\Y@origin=\dimen127
\X@xbase=\dimen128
\Y@xbase=\dimen129
\X@ybase=\dimen130
\Y@ybase=\dimen131
\X@min=\dimen132
\Y@min=\dimen133
\X@max=\dimen134
\Y@max=\dimen135
\lastobjectbox@=\box28
\zerodotbox@=\box29
\almostz@=\dimen136
direction,
\d@X=\dimen137
\d@Y=\dimen138
\K@=\count102
\KK@=\count103
\Direction=\count104
\K@dXdY=\dimen139
\K@dYdX=\dimen140
\xyread@=\read1
\xywrite@=\write3
\csp@=\count105
\quotPTK@=\dimen141
utility macros; pictures: \xy, positions,
\swaptoks@@=\toks21
\connectobjectbox@@=\box30
objects,
\styletoks@=\toks22
decorations; kernel objects: directionals, circles, text; options; algorithms: 
directions, edges, connections;  Xy-pic loaded)
Package: xy 1999/02/16 Xy-pic version 3.7
(/opt/csw/share/texmf-dist/tex/generic/xypic/xyall.tex  Xy-pic option: All feat
ures v.3.3 (/opt/csw/share/texmf-dist/tex/generic/xypic/xycurve.tex  Xy-pic opt
ion: Curve and Spline extension v.3.7 curve,
\crv@cnt@=\count106
\crvpts@=\toks23
\splinebox@=\box31
\splineval@=\dimen142
\splinedepth@=\dimen143
\splinetol@=\dimen144
\splinelength@=\dimen145
circles,
\L@=\dimen146
loaded) (/opt/csw/share/texmf-dist/tex/generic/xypic/xyframe.tex  Xy-pic option
: Frame and Bracket extension v.3.7 loaded) (/opt/csw/share/texmf-dist/tex/gene
ric/xypic/xycmtip.tex  Xy-pic option: Computer Modern tip extension v.3.3 (/opt
/csw/share/texmf-dist/tex/generic/xypic/xytips.tex  Xy-pic option: More Tips ex
tension v.3.3 loaded) loaded) (/opt/csw/share/texmf-dist/tex/generic/xypic/xyli
ne.tex  Xy-pic option: Line styles extension v.3.6
\xylinethick@=\dimen147
loaded) (/opt/csw/share/texmf-dist/tex/generic/xypic/xyrotate.tex  Xy-pic optio
n: Rotate and Scale extension v.3.3 loaded) (/opt/csw/share/texmf-dist/tex/gene
ric/xypic/xycolor.tex  Xy-pic option: Colour extension v.3.3 loaded) (/opt/csw/
share/texmf-dist/tex/generic/xypic/xymatrix.tex  Xy-pic option: Matrix feature 
v.3.4
\Row=\count107
\Col=\count108
\queue@=\toks24
\queue@@=\toks25
\qcount@=\count109
\qcount@@=\count110
\matrixsize@=\count111
loaded) (/opt/csw/share/texmf-dist/tex/generic/xypic/xyarrow.tex  Xy-pic option
: Arrow and Path feature v.3.5 path, \ar, loaded) (/opt/csw/share/texmf-dist/te
x/generic/xypic/xygraph.tex  Xy-pic option: Graph feature v.3.7 loaded) loaded)
) (/opt/csw/share/texmf-local/tex/latex/html/html.sty
Package: html 1999/07/19 v1.38 hypertext commands for latex2html (nd, hws, rrm)

\c@lpart=\count112
\c@lchapter=\count113
\c@chapter=\count114
\c@lsection=\count115
\c@lsubsection=\count116
\c@lsubsubsection=\count117
\c@lparagraph=\count118
\c@lsubparagraph=\count119
\c@lsubsubparagraph=\count120
\ptrfile=\write4
) (/opt/csw/share/texmf-dist/tex/latex/graphics/color.sty
Package: color 1999/02/16 v1.0i Standard LaTeX Color (DPC)
(/opt/csw/share/texmf-dist/tex/latex/graphics/color.cfg
File: color.cfg 2005/02/03 v1.3 color configuration of teTeX/TeXLive
)
Package color Info: Driver file: dvips.def on input line 125.
(/opt/csw/share/texmf-dist/tex/latex/graphics/dvips.def
File: dvips.def 1999/02/16 v3.0i Driver-dependant file (DPC,SPQR)
) (/opt/csw/share/texmf-dist/tex/latex/graphics/dvipsnam.def
File: dvipsnam.def 1999/02/16 v3.0i Driver-dependant file (DPC,SPQR)
))
\sizebox=\box32
\lthtmlwrite=\write5
No file images.aux.
\openout1 = `images.aux'.

LaTeX Font Info:    Checking defaults for OML/cmm/m/it on input line 145.
LaTeX Font Info:    ... okay on input line 145.
LaTeX Font Info:    Checking defaults for T1/lmr/m/n on input line 145.
LaTeX Font Info:    Try loading font information for T1+lmr on input line 145.
(/opt/csw/share/texmf-dist/tex/latex/lm/t1lmr.fd
File: t1lmr.fd 2003/07/22 v1.1 Font defs for Latin Modern
)
LaTeX Font Info:    ... okay on input line 145.
LaTeX Font Info:    Checking defaults for OT1/cmr/m/n on input line 145.
LaTeX Font Info:    ... okay on input line 145.
LaTeX Font Info:    Checking defaults for OMS/cmsy/m/n on input line 145.
LaTeX Font Info:    ... okay on input line 145.
LaTeX Font Info:    Checking defaults for OMX/cmex/m/n on input line 145.
LaTeX Font Info:    ... okay on input line 145.
LaTeX Font Info:    Checking defaults for U/cmr/m/n on input line 145.
LaTeX Font Info:    ... okay on input line 145.
LaTeX Info: Redefining \dots on input line 145.

latex2htmlLength hsize=349.0pt

latex2htmlLength vsize=632.5pt

latex2htmlLength hoffset=0.0pt

latex2htmlLength voffset=0.0pt

latex2htmlLength topmargin=0.0pt

latex2htmlLength topskip=0.00003pt

latex2htmlLength headheight=0.0pt

latex2htmlLength headsep=0.0pt

latex2htmlLength parskip=0.0pt plus 1.0pt

latex2htmlLength oddsidemargin=39.0pt

latex2htmlLength evensidemargin=39.0pt

LaTeX Font Info:    Try loading font information for U+msa on input line 169.
(/opt/csw/share/texmf-dist/tex/latex/amsfonts/umsa.fd
File: umsa.fd 2002/01/19 v2.2g AMS font definitions
)
LaTeX Font Info:    Try loading font information for U+msb on input line 169.
(/opt/csw/share/texmf-dist/tex/latex/amsfonts/umsb.fd
File: umsb.fd 2002/01/19 v2.2g AMS font definitions
)
l2hSize :tex2html_wrap_inline1477:10.95pt::10.95pt::213.29184pt.
[1



]
l2hSize :tex2html_wrap_inline1479:10.95pt::10.95pt::207.4169pt.
[2


]
l2hSize :tex2html_wrap_inline1481:10.95pt::10.95pt::207.4169pt.
[3


]
l2hSize :tex2html_wrap_inline1483:10.95pt::10.95pt::207.4169pt.
[4


]
l2hSize :tex2html_wrap_inline1485:10.95pt::10.95pt::207.4169pt.
[5


]
l2hSize :tex2html_wrap_inline1487:9.5pt::9.5pt::83.70995pt.
[6


]
l2hSize :tex2html_wrap_inline1489:7.74811pt::0.0pt::10.86505pt.
[7


]
l2hSize :tex2html_wrap_inline1491:8.76666pt::8.76666pt::28.89421pt.
[8


]
l2hSize :tex2html_wrap_inline1493:9.5pt::9.5pt::115.23863pt.
[9


]
l2hSize :tex2html_wrap_inline1495:9.5pt::9.5pt::115.4332pt.
[10


]
l2hSize :tex2html_wrap_inline1499:9.5pt::9.5pt::121.75723pt.
[11


]
l2hSize :tex2html_wrap_inline1501:10.95pt::10.95pt::103.82698pt.
[12


]
l2hSize :tex2html_wrap_inline1503:10.95pt::10.95pt::151.63716pt.
[13


]
l2hSize :tex2html_wrap_inline1505:8.24811pt::8.24811pt::33.03296pt.
[14


]
l2hSize :tex2html_wrap_inline1509:8.24811pt::8.24811pt::54.16675pt.
[15


]
l2hSize :tex2html_wrap_inline1511:8.24811pt::8.24811pt::58.57214pt.
[16


]
l2hSize :tex2html_wrap_inline1513:8.24811pt::8.24811pt::27.04346pt.
[17


]
l2hSize :tex2html_wrap_inline1517:9.5pt::9.5pt::74.22954pt.
[18


]
l2hSize :tex2html_wrap_inline1519:10.95pt::10.95pt::56.24968pt.
[19


]
l2hSize :tex2html_wrap_inline1521:10.95pt::10.95pt::151.4426pt.
[20


]
l2hSize :tex2html_wrap_inline1523:9.5pt::9.5pt::77.51953pt.
[21


]
l2hSize :tex2html_wrap_inline1525:8.83331pt::8.83331pt::57.94643pt.
[22


]
l2hSize :tex2html_wrap_inline1529:9.5pt::9.5pt::79.19247pt.
[23


]
l2hSize :tex2html_wrap_inline1531:9.29916pt::9.29916pt::62.42493pt.
[24


]
l2hSize :tex2html_wrap_inline1533:9.29916pt::9.29916pt::31.69977pt.
[25


]
l2hSize :tex2html_wrap_inline1535:9.5pt::9.5pt::412.46967pt.

Overfull \hbox (66.85403pt too wide) in paragraph at lines 362--363
[]|[] 
 []

[26


]
l2hSize :tex2html_wrap_inline1537:9.5pt::9.5pt::153.02544pt.
[27


]
l2hSize :tex2html_wrap_inline1539:9.5pt::9.5pt::85.78682pt.
[28


]
l2hSize :tex2html_wrap_inline1541:10.95pt::10.95pt::58.20753pt.
[29


]
l2hSize :tex2html_wrap_inline1543:10.95pt::10.95pt::58.2075pt.
[30


]
l2hSize :tex2html_wrap_inline1545:10.95pt::10.95pt::70.28094pt.
[31


]
l2hSize :tex2html_wrap_inline1547:10.95pt::10.95pt::144.66748pt.
[32


]
l2hSize :tex2html_wrap_inline1549:10.95pt::10.95pt::146.3404pt.
[33


]
l2hSize :tex2html_wrap_inline1551:8.83331pt::8.83331pt::81.21742pt.
[34


]
l2hSize :tex2html_wrap_inline1555:8.83331pt::8.83331pt::50.00224pt.
[35


]
l2hSize :tex2html_wrap_inline1557:10.95pt::10.95pt::216.82326pt.
[36


]
! Missing $ inserted.
<inserted text> 
                $
l.490 \!\!  a \cdot
                    b  \!\!\! \\
I've inserted a begin-math/end-math symbol since I think
you left one out. Proceed, with fingers crossed.

! Extra }, or forgotten $.
<template> \unskip \hfil }
                          \hskip \tabcolsep \hskip -.5\arrayrulewidth \vrule...
l.491 \hline
            
I've deleted a group-closing symbol because it seems to be
spurious, as in `$x}$'. But perhaps the } is legitimate and
you forgot something else, as in `\hbox{$x}'. In such cases
the way to recover is to insert both the forgotten and the
deleted material, e.g., by typing `I$}'.

! Missing $ inserted.
<inserted text> 
                $
l.491 \hline
            
I've inserted a begin-math/end-math symbol since I think
you left one out. Proceed, with fingers crossed.

! Missing } inserted.
<inserted text> 
                }
l.491 \hline
            
I've inserted something that you may have forgotten.
(See the <inserted text> above.)
With luck, this will get me unwedged. But if you
really didn't forget anything, try typing `2' now; then
my insertion and my current dilemma will both disappear.

! Missing $ inserted.
<inserted text> 
                $
l.497 \!\!  (a\cdot
                    b) \cdot c  \!\!\! \\
I've inserted a begin-math/end-math symbol since I think
you left one out. Proceed, with fingers crossed.

! Extra }, or forgotten $.
<template> \unskip \hfil }
                          \hskip \tabcolsep \hskip -.5\arrayrulewidth \vrule...
l.498 \hline
            
I've deleted a group-closing symbol because it seems to be
spurious, as in `$x}$'. But perhaps the } is legitimate and
you forgot something else, as in `\hbox{$x}'. In such cases
the way to recover is to insert both the forgotten and the
deleted material, e.g., by typing `I$}'.

! Missing $ inserted.
<inserted text> 
                $
l.498 \hline
            
I've inserted a begin-math/end-math symbol since I think
you left one out. Proceed, with fingers crossed.

! Missing } inserted.
<inserted text> 
                }
l.498 \hline
            
I've inserted something that you may have forgotten.
(See the <inserted text> above.)
With luck, this will get me unwedged. But if you
really didn't forget anything, try typing `2' now; then
my insertion and my current dilemma will both disappear.

! Missing $ inserted.
<inserted text> 
                $
l.501 \!\!  a \cdot
                    (b \cdot c)  \!\!\! \\
I've inserted a begin-math/end-math symbol since I think
you left one out. Proceed, with fingers crossed.

! Extra }, or forgotten $.
<template> \unskip \hfil }
                          \hskip \tabcolsep \hskip -.5\arrayrulewidth \vrule...
l.502 \hline
            
I've deleted a group-closing symbol because it seems to be
spurious, as in `$x}$'. But perhaps the } is legitimate and
you forgot something else, as in `\hbox{$x}'. In such cases
the way to recover is to insert both the forgotten and the
deleted material, e.g., by typing `I$}'.

! Missing $ inserted.
<inserted text> 
                $
l.502 \hline
            
I've inserted a begin-math/end-math symbol since I think
you left one out. Proceed, with fingers crossed.

! Missing } inserted.
<inserted text> 
                }
l.502 \hline
            
I've inserted something that you may have forgotten.
(See the <inserted text> above.)
With luck, this will get me unwedged. But if you
really didn't forget anything, try typing `2' now; then
my insertion and my current dilemma will both disappear.

! Missing $ inserted.
<inserted text> 
                $
l.508 \!\!  b \cdot
                    c  \!\!\! \\
I've inserted a begin-math/end-math symbol since I think
you left one out. Proceed, with fingers crossed.

! Extra }, or forgotten $.
<template> \unskip \hfil }
                          \hskip \tabcolsep \hskip -.5\arrayrulewidth \vrule...
l.509 \hline
            
I've deleted a group-closing symbol because it seems to be
spurious, as in `$x}$'. But perhaps the } is legitimate and
you forgot something else, as in `\hbox{$x}'. In such cases
the way to recover is to insert both the forgotten and the
deleted material, e.g., by typing `I$}'.

! Missing $ inserted.
<inserted text> 
                $
l.509 \hline
            
I've inserted a begin-math/end-math symbol since I think
you left one out. Proceed, with fingers crossed.

! Missing } inserted.
<inserted text> 
                }
l.509 \hline
            
I've inserted something that you may have forgotten.
(See the <inserted text> above.)
With luck, this will get me unwedged. But if you
really didn't forget anything, try typing `2' now; then
my insertion and my current dilemma will both disappear.

l2hSize :displaymath1559:143.04984pt::0.0pt::349.0pt.
[37


]
! Missing $ inserted.
<inserted text> 
                $
l.534 a \cdot
              1  \!\!\! \\
I've inserted a begin-math/end-math symbol since I think
you left one out. Proceed, with fingers crossed.

! Extra }, or forgotten $.
<template> \unskip \hfil }
                          \hskip \tabcolsep \hskip -.5\arrayrulewidth \vrule...
l.535 \hline
            
I've deleted a group-closing symbol because it seems to be
spurious, as in `$x}$'. But perhaps the } is legitimate and
you forgot something else, as in `\hbox{$x}'. In such cases
the way to recover is to insert both the forgotten and the
deleted material, e.g., by typing `I$}'.

! Missing $ inserted.
<inserted text> 
                $
l.535 \hline
            
I've inserted a begin-math/end-math symbol since I think
you left one out. Proceed, with fingers crossed.

! Missing } inserted.
<inserted text> 
                }
l.535 \hline
            
I've inserted something that you may have forgotten.
(See the <inserted text> above.)
With luck, this will get me unwedged. But if you
really didn't forget anything, try typing `2' now; then
my insertion and my current dilemma will both disappear.

l2hSize :tex2html_wrap_inline1561:10.95pt::10.95pt::138.27223pt.
[38


]
! Missing $ inserted.
<inserted text> 
                $
l.553 1 \cdot
              a  \!\!\! \\
I've inserted a begin-math/end-math symbol since I think
you left one out. Proceed, with fingers crossed.

! Extra }, or forgotten $.
<template> \unskip \hfil }
                          \hskip \tabcolsep \hskip -.5\arrayrulewidth \vrule...
l.554 \hline
            
I've deleted a group-closing symbol because it seems to be
spurious, as in `$x}$'. But perhaps the } is legitimate and
you forgot something else, as in `\hbox{$x}'. In such cases
the way to recover is to insert both the forgotten and the
deleted material, e.g., by typing `I$}'.

! Missing $ inserted.
<inserted text> 
                $
l.554 \hline
            
I've inserted a begin-math/end-math symbol since I think
you left one out. Proceed, with fingers crossed.

! Missing } inserted.
<inserted text> 
                }
l.554 \hline
            
I've inserted something that you may have forgotten.
(See the <inserted text> above.)
With luck, this will get me unwedged. But if you
really didn't forget anything, try typing `2' now; then
my insertion and my current dilemma will both disappear.

l2hSize :tex2html_wrap_inline1563:10.95pt::10.95pt::138.56528pt.
[39


]
l2hSize :tex2html_wrap_inline1565:10.95pt::10.95pt::21.16847pt.
[40


]
l2hSize :tex2html_wrap_inline1567:9.5pt::9.5pt::40.53654pt.
[41


]
l2hSize :displaymath1569:83.34998pt::0.0pt::349.0pt.
[42


]
l2hSize :tex2html_wrap_inline1571:9.5pt::9.5pt::83.66982pt.
[43


]
l2hSize :tex2html_wrap_inline1573:8.76666pt::8.76666pt::38.2955pt.
[44


]
l2hSize :tex2html_wrap_inline1575:8.7pt::8.7pt::95.90718pt.
[45


]
l2hSize :displaymath1577:112.34995pt::0.0pt::349.0pt.
[46


]
l2hSize :tex2html_wrap_inline1579:8.24811pt::8.24811pt::43.01067pt.
[47


]
l2hSize :tex2html_wrap_inline1581:7.74811pt::0.0pt::32.38564pt.
[48


]
l2hSize :tex2html_wrap_inline1583:9.5pt::9.5pt::163.58022pt.
[49


]
l2hSize :tex2html_wrap_inline1585:8.33331pt::0.0pt::28.37318pt.
[50


]
l2hSize :tex2html_wrap_inline1587:7.74811pt::0.0pt::6.12207pt.
[51


]
l2hSize :tex2html_wrap_inline1589:7.74811pt::0.0pt::4.8304pt.
[52


]
l2hSize :tex2html_wrap_inline1591:8.83331pt::8.83331pt::57.68117pt.
[53


]
l2hSize :tex2html_wrap_inline1593:9.5pt::9.5pt::47.83405pt.
[54


]
l2hSize :tex2html_wrap_inline1595:7.74811pt::0.0pt::6.75537pt.
[55


]
l2hSize :tex2html_wrap_inline1597:8.33331pt::0.0pt::5.58315pt.
[56


]
l2hSize :tex2html_wrap_inline1599:8.83331pt::8.83331pt::30.02615pt.
[57


]
l2hSize :tex2html_wrap_inline1601:9.5pt::9.5pt::16.19421pt.
[58


]
l2hSize :tex2html_wrap_inline1603:9.5pt::9.5pt::15.02199pt.
[59


]
l2hSize :tex2html_wrap_inline1605:9.5pt::9.5pt::21.7289pt.
[60


]
l2hSize :tex2html_wrap_inline1607:8.76666pt::8.76666pt::28.78867pt.
[61


]
l2hSize :tex2html_wrap_inline1609:9.5pt::9.5pt::19.265pt.
[62


]
l2hSize :tex2html_wrap_inline1611:8.76666pt::8.76666pt::27.497pt.
[63


]
l2hSize :tex2html_wrap_inline1613:9.5pt::9.5pt::54.5785pt.
[64


]
l2hSize :tex2html_wrap_inline1615:9.5pt::9.5pt::15.90117pt.
[65


]
l2hSize :tex2html_wrap_inline1617:8.83331pt::8.83331pt::28.56775pt.
[66


]
l2hSize :tex2html_wrap_inline1626:9.5pt::9.5pt::42.45528pt.
[67


]
l2hSize :tex2html_wrap_inline1628:9.5pt::9.5pt::53.11595pt.
[68


]
l2hSize :tex2html_wrap_inline1632:8.24811pt::8.24811pt::62.96307pt.
[69


]
l2hSize :tex2html_wrap_inline1634:9.5pt::9.5pt::109.0104pt.
[70


]
l2hSize :tex2html_wrap_inline1636:9.5pt::9.5pt::80.01768pt.
[71


]
l2hSize :tex2html_wrap_inline1638:9.5pt::9.5pt::78.59268pt.
[72


]
l2hSize :tex2html_wrap_inline1640:9.5pt::9.5pt::41.89278pt.
[73


]
l2hSize :tex2html_wrap_inline1646:10.95pt::10.95pt::132.58264pt.
[74


]
l2hSize :tex2html_wrap_inline1648:10.95pt::10.95pt::21.16847pt.
[75


]
l2hSize :tex2html_wrap_inline1650:8.76666pt::8.76666pt::56.14735pt.
[76


]
l2hSize :tex2html_wrap_inline1652:10.95pt::10.95pt::19.92848pt.
[77


]
l2hSize :tex2html_wrap_inline1654:9.5pt::9.5pt::40.95528pt.
[78


]
l2hSize :tex2html_wrap_inline1662:10.95pt::10.95pt::91.56262pt.
[79


]
l2hSize :tex2html_wrap_inline1664:10.95pt::10.95pt::62.18849pt.
[80


]
l2hSize :tex2html_wrap_inline1666:9.5pt::9.5pt::80.01768pt.
[81


]
l2hSize :tex2html_wrap_inline1670:9.5pt::9.5pt::82.8357pt.
[82


]
l2hSize :tex2html_wrap_inline1674:9.5pt::9.5pt::109.0104pt.
[83


]
l2hSize :tex2html_wrap_inline1680:8.76666pt::8.76666pt::17.58752pt.
[84


]
l2hSize :tex2html_wrap_inline1682:9.5pt::9.5pt::54.58817pt.
[85


]
l2hSize :tex2html_wrap_inline1688:10.95pt::10.95pt::21.16847pt.
[86


]
l2hSize :tex2html_wrap_inline1690:10.95pt::10.95pt::21.16847pt.
[87


]
l2hSize :tex2html_wrap_inline1692:10.95pt::10.95pt::27.04204pt.
[88


]
l2hSize :tex2html_wrap_inline1694:8.24811pt::8.24811pt::6.48456pt.
[89


]
l2hSize :tex2html_wrap_inline1696:8.76666pt::8.76666pt::30.93446pt.
[90


]
l2hSize :tex2html_wrap_inline1698:8.24811pt::8.24811pt::50.98402pt.
[91


]
l2hSize :tex2html_wrap_inline1700:9.5pt::9.5pt::49.58128pt.
[92


]
l2hSize :tex2html_wrap_inline1702:8.24811pt::8.24811pt::27.02611pt.
[93


]
l2hSize :tex2html_wrap_inline1704:8.76666pt::8.76666pt::13.36617pt.
[94


]
l2hSize :tex2html_wrap_inline1708:8.24811pt::8.24811pt::65.01944pt.
[95


]
l2hSize :tex2html_wrap_inline1710:8.24811pt::8.24811pt::97.86641pt.
[96


]
l2hSize :tex2html_wrap_inline1714:8.66922pt::8.66922pt::155.81204pt.
[97


]
l2hSize :tex2html_wrap_inline1716:8.36708pt::8.36708pt::70.74779pt.
[98


]
l2hSize :tex2html_wrap_inline1720:8.24811pt::8.24811pt::9.87851pt.
[99


]
l2hSize :displaymath1728:68.94994pt::0.0pt::349.0pt.
[100


]
l2hSize :displaymath1730:54.44995pt::0.0pt::349.0pt.
[101


]
l2hSize :tex2html_wrap_inline1735:9.5pt::9.5pt::215.7828pt.
[102


]
l2hSize :tex2html_wrap_inline1737:9.5pt::9.5pt::215.01198pt.
[103


]
l2hSize :tex2html_wrap_inline1739:9.5pt::9.5pt::565.43806pt.

Overfull \hbox (219.82243pt too wide) in paragraph at lines 1034--1035
[]|[] 
 []

[104


]
l2hSize :displaymath1741:155.94984pt::0.0pt::349.0pt.
[105


]
l2hSize :tex2html_wrap_inline1743:8.24811pt::8.24811pt::32.56758pt.
[106


]
l2hSize :tex2html_wrap_inline1747:9.5pt::9.5pt::65.56454pt.
[107


]
l2hSize :tex2html_wrap_inline1753:9.5pt::9.5pt::27.70096pt.
[108


]
l2hSize :tex2html_wrap_inline1757:7.74811pt::0.0pt::7.6012pt.
[109


]
l2hSize :tex2html_wrap_inline1759:7.74811pt::0.0pt::6.46233pt.
[110


]
l2hSize :tex2html_wrap_inline1761:10.10329pt::10.10329pt::17.60123pt.
[111


]
l2hSize :tex2html_wrap_inline1769:11.83107pt::11.83107pt::184.64278pt.
[112


]
l2hSize :tex2html_wrap_inline1771:10.01027pt::10.01027pt::58.89264pt.
[113


]
l2hSize :tex2html_wrap_inline1773:10.01027pt::10.01027pt::58.89264pt.
[114


]
l2hSize :tex2html_wrap_inline1775:8.83331pt::8.83331pt::28.57748pt.
[115


]
l2hSize :tex2html_wrap_inline1779:7.74811pt::0.0pt::7.26442pt.
[116


]
l2hSize :tex2html_wrap_inline1781:8.83331pt::8.83331pt::71.94446pt.
[117


]
l2hSize :tex2html_wrap_inline1783:10.01027pt::10.01027pt::85.19464pt.
[118


]
l2hSize :tex2html_wrap_inline1785:8.83331pt::8.83331pt::50.06958pt.
[119


]
l2hSize :tex2html_wrap_inline1787:8.83331pt::8.83331pt::61.81946pt.
[120


]
l2hSize :tex2html_wrap_inline1789:8.83331pt::8.83331pt::97.86072pt.
[121


]
l2hSize :tex2html_wrap_inline1791:8.83331pt::8.83331pt::56.13908pt.
[122


]
l2hSize :tex2html_wrap_inline1793:9.51027pt::0.0pt::32.89268pt.
[123


]
l2hSize :tex2html_wrap_inline1795:8.83331pt::8.83331pt::55.83214pt.
[124


]
l2hSize :tex2html_wrap_inline1797:10.01027pt::10.01027pt::43.79686pt.
[125


]
l2hSize :tex2html_wrap_inline1799:9.51027pt::0.0pt::38.53304pt.
[126


]
l2hSize :tex2html_wrap_inline1801:8.83331pt::8.83331pt::125.38394pt.
[127


]
l2hSize :tex2html_wrap_inline1803:10.01027pt::10.01027pt::200.46759pt.
[128


]
l2hSize :tex2html_wrap_inline1805:9.51027pt::0.0pt::177.94699pt.
[129


]
l2hSize :tex2html_wrap_inline1807:8.83331pt::8.83331pt::36.55724pt.
[130


]
l2hSize :tex2html_wrap_inline1809:9.51027pt::0.0pt::47.56079pt.
[131


]
l2hSize :tex2html_wrap_inline1811:10.01027pt::10.01027pt::354.84972pt.

Overfull \hbox (9.23409pt too wide) in paragraph at lines 1224--1225
[]|[] 
 []

[132


]
l2hSize :tex2html_wrap_inline1813:9.18808pt::0.0pt::68.36008pt.
[133


]
l2hSize :tex2html_wrap_inline1815:11.65323pt::11.65323pt::556.14467pt.

Overfull \hbox (210.52904pt too wide) in paragraph at lines 1239--1240
[]|[] 
 []

[134


]
l2hSize :displaymath1817:79.86449pt::0.0pt::349.0pt.
[135


]
l2hSize :tex2html_wrap_inline1819:9.5pt::9.5pt::84.0161pt.
[136


]
l2hSize :tex2html_wrap_inline1821:9.5pt::9.5pt::193.64497pt.
[137


]
l2hSize :tex2html_wrap_inline1825:9.5pt::9.5pt::97.87822pt.
[138


]
Overfull \hbox (43.41554pt too wide) detected at line 1284
[]
 []

l2hSize :displaymath1827:76.94992pt::0.0pt::349.0pt.
[139


]
l2hSize :tex2html_wrap_inline1829:10.01027pt::10.01027pt::111.76689pt.
[140


]
l2hSize :displaymath1831:112.74994pt::0.0pt::349.0pt.
[141


]
l2hSize :displaymath1833:137.53415pt::0.0pt::349.0pt.
[142


]
l2hSize :tex2html_wrap_inline1835:10.3547pt::0.0pt::103.62126pt.
[143


]
l2hSize :tex2html_wrap_inline1837:9.5pt::9.5pt::60.17006pt.
[144


]
l2hSize :tex2html_wrap_inline1839:9.51027pt::0.0pt::25.58745pt.
[145


]
l2hSize :tex2html_wrap_inline1841:10.01027pt::10.01027pt::204.27057pt.
[146


]
l2hSize :tex2html_wrap_inline1843:9.51027pt::0.0pt::25.58745pt.
[147


]
l2hSize :tex2html_wrap_inline1845:10.01027pt::10.01027pt::204.27057pt.
[148


]
l2hSize :tex2html_wrap_inline1851:10.01027pt::10.01027pt::97.72327pt.
[149


]
l2hSize :displaymath1853:271.667pt::0.0pt::349.0pt.
[150


]
l2hSize :tex2html_wrap_inline1855:10.01027pt::10.01027pt::65.25412pt.
[151


]
l2hSize :displaymath1863:177.00381pt::0.0pt::349.0pt.
[152


]
l2hSize :tex2html_wrap_inline1865:10.38034pt::10.38034pt::49.3623pt.
[153


]
l2hSize :tex2html_wrap_inline1869:10.01027pt::10.01027pt::54.05025pt.
[154


]
l2hSize :tex2html_wrap_inline1875:10.01027pt::10.01027pt::535.0807pt.

Overfull \hbox (189.46507pt too wide) in paragraph at lines 1423--1424
[]|[] 
 []

[155


]
l2hSize :tex2html_wrap_inline1900:10.01027pt::10.01027pt::341.51646pt.
[156


]
l2hSize :tex2html_wrap_inline1906:8.83331pt::8.83331pt::57.91173pt.
[157


]
l2hSize :tex2html_wrap_inline1912:8.83331pt::8.83331pt::36.28642pt.
[158


]
l2hSize :tex2html_wrap_inline1914:9.5pt::9.5pt::269.34691pt.
[159


]
l2hSize :tex2html_wrap_inline1916:9.5pt::9.5pt::292.84666pt.
[160


]
l2hSize :tex2html_wrap_inline1918:9.5pt::9.5pt::292.84666pt.
[161


]
l2hSize :tex2html_wrap_inline1920:7.74811pt::0.0pt::5.64426pt.
[162


]
l2hSize :tex2html_wrap_inline1922:14.3001pt::14.3001pt::48.5151pt.
[163


]
l2hSize :tex2html_wrap_inline1924:9.5pt::9.5pt::17.9311pt.
[164


]
l2hSize :tex2html_wrap_inline1930:14.3001pt::14.3001pt::51.1984pt.
[165


]
l2hSize :tex2html_wrap_inline1934:14.3001pt::14.3001pt::51.27351pt.
[166


] (./images.aux) ) 
Here is how much of TeX's memory you used:
 4775 strings out of 94501
 56848 string characters out of 1161794
 144803 words of memory out of 1000000
 7879 multiletter control sequences out of 10000+50000
 13613 words of font info for 49 fonts, out of 500000 for 2000
 580 hyphenation exceptions out of 1000
 27i,14n,24p,224b,268s stack positions out of 1500i,500n,5000p,200000b,5000s

Output written on images.dvi (166 pages, 50736 bytes).
