This is pdfeTeX, Version 3.141592-1.21a-2.2 (Web2C 7.5.4) (format=latex 2005.7.1)  3 JUN 2009 10:13
entering extended mode
**./images.tex
(./images.tex
LaTeX2e <2003/12/01>
Babel <v3.8d> and hyphenation patterns for american, french, german, ngerman, b
ahasa, basque, bulgarian, catalan, croatian, czech, danish, dutch, esperanto, e
stonian, finnish, greek, icelandic, irish, italian, latin, magyar, norsk, polis
h, portuges, romanian, russian, serbian, slovak, slovene, spanish, swedish, tur
kish, ukrainian, nohyphenation, loaded.

(/opt/csw/share/texmf-dist/tex/latex/base/article.cls
Document Class: article 2004/02/16 v1.4f Standard LaTeX document class
(/opt/csw/share/texmf-dist/tex/latex/base/size12.clo
File: size12.clo 2004/02/16 v1.4f Standard LaTeX file (size option)
)
\c@part=\count79
\c@section=\count80
\c@subsection=\count81
\c@subsubsection=\count82
\c@paragraph=\count83
\c@subparagraph=\count84
\c@figure=\count85
\c@table=\count86
\abovecaptionskip=\skip41
\belowcaptionskip=\skip42
\bibindent=\dimen102
) (/opt/csw/share/texmf-dist/tex/latex/base/ifthen.sty
Package: ifthen 2001/05/26 v1.1c Standard LaTeX ifthen package (DPC)
) (/opt/csw/share/texmf-dist/tex/latex/amsmath/amsmath.sty
Package: amsmath 2000/07/18 v2.13 AMS math features
\@mathmargin=\skip43
For additional information on amsmath, use the `?' option.
(/opt/csw/share/texmf-dist/tex/latex/amsmath/amstext.sty
Package: amstext 2000/06/29 v2.01
(/opt/csw/share/texmf-dist/tex/latex/amsmath/amsgen.sty
File: amsgen.sty 1999/11/30 v2.0
\@emptytoks=\toks14
\ex@=\dimen103
)) (/opt/csw/share/texmf-dist/tex/latex/amsmath/amsbsy.sty
Package: amsbsy 1999/11/29 v1.2d
\pmbraise@=\dimen104
) (/opt/csw/share/texmf-dist/tex/latex/amsmath/amsopn.sty
Package: amsopn 1999/12/14 v2.01 operator names
)
\inf@bad=\count87
LaTeX Info: Redefining \frac on input line 211.
\uproot@=\count88
\leftroot@=\count89
LaTeX Info: Redefining \overline on input line 307.
\classnum@=\count90
\DOTSCASE@=\count91
LaTeX Info: Redefining \ldots on input line 379.
LaTeX Info: Redefining \dots on input line 382.
LaTeX Info: Redefining \cdots on input line 467.
\Mathstrutbox@=\box26
\strutbox@=\box27
\big@size=\dimen105
LaTeX Font Info:    Redeclaring font encoding OML on input line 567.
LaTeX Font Info:    Redeclaring font encoding OMS on input line 568.
\macc@depth=\count92
\c@MaxMatrixCols=\count93
\dotsspace@=\muskip10
\c@parentequation=\count94
\dspbrk@lvl=\count95
\tag@help=\toks15
\row@=\count96
\column@=\count97
\maxfields@=\count98
\andhelp@=\toks16
\eqnshift@=\dimen106
\alignsep@=\dimen107
\tagshift@=\dimen108
\tagwidth@=\dimen109
\totwidth@=\dimen110
\lineht@=\dimen111
\@envbody=\toks17
\multlinegap=\skip44
\multlinetaggap=\skip45
\mathdisplay@stack=\toks18
LaTeX Info: Redefining \[ on input line 2666.
LaTeX Info: Redefining \] on input line 2667.
) (/opt/csw/share/texmf-dist/tex/latex/jknappen/mathrsfs.sty
Package: mathrsfs 1996/01/01 Math RSFS package v1.0 (jk)
\symrsfs=\mathgroup4
) (/opt/csw/share/texmf-dist/tex/latex/amsfonts/eucal.sty
Package: eucal 2001/10/01 v2.2d Euler Script fonts
LaTeX Font Info:    Overwriting math alphabet `\EuScript' in version `bold'
(Font)                  U/eus/m/n --> U/eus/b/n on input line 55.
) (/opt/csw/share/texmf-dist/tex/latex/amsfonts/amssymb.sty
Package: amssymb 2002/01/22 v2.2d
(/opt/csw/share/texmf-dist/tex/latex/amsfonts/amsfonts.sty
Package: amsfonts 2001/10/25 v2.2f
\symAMSa=\mathgroup5
\symAMSb=\mathgroup6
LaTeX Font Info:    Overwriting math alphabet `\mathfrak' in version `bold'
(Font)                  U/euf/m/n --> U/euf/b/n on input line 132.
)) (/opt/csw/share/texmf-dist/tex/generic/babel/babel.sty
Package: babel 2004/11/20 v3.8d The Babel package
(/opt/csw/share/texmf-dist/tex/generic/babel/frenchb.ldf
Language: french 2004/04/02 v1.6f French support from the babel system
(/opt/csw/share/texmf-dist/tex/generic/babel/babel.def
File: babel.def 2004/11/20 v3.8d Babel common definitions
\babel@savecnt=\count99
\U@D=\dimen112
)
Package babel Info: Making : an active character on input line 219.
Package babel Info: Making ; an active character on input line 220.
Package babel Info: Making ! an active character on input line 221.
Package babel Info: Making ? an active character on input line 222.
LaTeX Font Info:    Redeclaring font encoding T1 on input line 299.
\parindentFFN=\dimen113
\std@mcc=\count100
\dec@mcc=\count101
*************************************
* Local config file frenchb.cfg used
*
(/opt/csw/share/texmf-dist/tex/generic/babel/frenchb.cfg))) (/opt/csw/share/tex
mf-dist/tex/latex/base/inputenc.sty
Package: inputenc 2004/02/05 v1.0d Input encoding file
(/opt/csw/share/texmf-dist/tex/latex/base/latin1.def
File: latin1.def 2004/02/05 v1.0d Input encoding file
)) (/opt/csw/share/texmf-dist/tex/latex/base/fontenc.sty
Package: fontenc 2004/02/22 v1.99f Standard LaTeX package
(/opt/csw/share/texmf-dist/tex/latex/base/t1enc.def
File: t1enc.def 2004/02/22 v1.99f Standard LaTeX file
LaTeX Font Info:    Redeclaring font encoding T1 on input line 43.
)) (/opt/csw/share/texmf-dist/tex/generic/xypic/xy.sty (/opt/csw/share/texmf-di
st/tex/generic/xypic/xy.tex Bootstrap'ing: catcodes, docmode, (/opt/csw/share/t
exmf-dist/tex/generic/xypic/xyrecat.tex) (/opt/csw/share/texmf-dist/tex/generic
/xypic/xyidioms.tex)

 Xy-pic version 3.7 <1999/02/16>
 Copyright (c) 1991-1998 by Kristoffer H. Rose <krisrose@ens-lyon.fr>
 Xy-pic is free software: see the User's Guide for details.

Loading kernel: messages; fonts; allocations: state,
\X@c=\dimen114
\Y@c=\dimen115
\U@c=\dimen116
\D@c=\dimen117
\L@c=\dimen118
\R@c=\dimen119
\Edge@c=\toks19
\X@p=\dimen120
\Y@p=\dimen121
\U@p=\dimen122
\D@p=\dimen123
\L@p=\dimen124
\R@p=\dimen125
\Edge@p=\toks20
\X@origin=\dimen126
\Y@origin=\dimen127
\X@xbase=\dimen128
\Y@xbase=\dimen129
\X@ybase=\dimen130
\Y@ybase=\dimen131
\X@min=\dimen132
\Y@min=\dimen133
\X@max=\dimen134
\Y@max=\dimen135
\lastobjectbox@=\box28
\zerodotbox@=\box29
\almostz@=\dimen136
direction,
\d@X=\dimen137
\d@Y=\dimen138
\K@=\count102
\KK@=\count103
\Direction=\count104
\K@dXdY=\dimen139
\K@dYdX=\dimen140
\xyread@=\read1
\xywrite@=\write3
\csp@=\count105
\quotPTK@=\dimen141
utility macros; pictures: \xy, positions,
\swaptoks@@=\toks21
\connectobjectbox@@=\box30
objects,
\styletoks@=\toks22
decorations; kernel objects: directionals, circles, text; options; algorithms: 
directions, edges, connections;  Xy-pic loaded)
Package: xy 1999/02/16 Xy-pic version 3.7
(/opt/csw/share/texmf-dist/tex/generic/xypic/xyall.tex  Xy-pic option: All feat
ures v.3.3 (/opt/csw/share/texmf-dist/tex/generic/xypic/xycurve.tex  Xy-pic opt
ion: Curve and Spline extension v.3.7 curve,
\crv@cnt@=\count106
\crvpts@=\toks23
\splinebox@=\box31
\splineval@=\dimen142
\splinedepth@=\dimen143
\splinetol@=\dimen144
\splinelength@=\dimen145
circles,
\L@=\dimen146
loaded) (/opt/csw/share/texmf-dist/tex/generic/xypic/xyframe.tex  Xy-pic option
: Frame and Bracket extension v.3.7 loaded) (/opt/csw/share/texmf-dist/tex/gene
ric/xypic/xycmtip.tex  Xy-pic option: Computer Modern tip extension v.3.3 (/opt
/csw/share/texmf-dist/tex/generic/xypic/xytips.tex  Xy-pic option: More Tips ex
tension v.3.3 loaded) loaded) (/opt/csw/share/texmf-dist/tex/generic/xypic/xyli
ne.tex  Xy-pic option: Line styles extension v.3.6
\xylinethick@=\dimen147
loaded) (/opt/csw/share/texmf-dist/tex/generic/xypic/xyrotate.tex  Xy-pic optio
n: Rotate and Scale extension v.3.3 loaded) (/opt/csw/share/texmf-dist/tex/gene
ric/xypic/xycolor.tex  Xy-pic option: Colour extension v.3.3 loaded) (/opt/csw/
share/texmf-dist/tex/generic/xypic/xymatrix.tex  Xy-pic option: Matrix feature 
v.3.4
\Row=\count107
\Col=\count108
\queue@=\toks24
\queue@@=\toks25
\qcount@=\count109
\qcount@@=\count110
\matrixsize@=\count111
loaded) (/opt/csw/share/texmf-dist/tex/generic/xypic/xyarrow.tex  Xy-pic option
: Arrow and Path feature v.3.5 path, \ar, loaded) (/opt/csw/share/texmf-dist/te
x/generic/xypic/xygraph.tex  Xy-pic option: Graph feature v.3.7 loaded) loaded)
) (/opt/csw/share/texmf-local/tex/latex/html/html.sty
Package: html 1999/07/19 v1.38 hypertext commands for latex2html (nd, hws, rrm)

\c@lpart=\count112
\c@lchapter=\count113
\c@chapter=\count114
\c@lsection=\count115
\c@lsubsection=\count116
\c@lsubsubsection=\count117
\c@lparagraph=\count118
\c@lsubparagraph=\count119
\c@lsubsubparagraph=\count120
\ptrfile=\write4
) (/opt/csw/share/texmf-dist/tex/latex/graphics/color.sty
Package: color 1999/02/16 v1.0i Standard LaTeX Color (DPC)
(/opt/csw/share/texmf-dist/tex/latex/graphics/color.cfg
File: color.cfg 2005/02/03 v1.3 color configuration of teTeX/TeXLive
)
Package color Info: Driver file: dvips.def on input line 125.
(/opt/csw/share/texmf-dist/tex/latex/graphics/dvips.def
File: dvips.def 1999/02/16 v3.0i Driver-dependant file (DPC,SPQR)
) (/opt/csw/share/texmf-dist/tex/latex/graphics/dvipsnam.def
File: dvipsnam.def 1999/02/16 v3.0i Driver-dependant file (DPC,SPQR)
))
\sizebox=\box32
\lthtmlwrite=\write5
No file images.aux.
\openout1 = `images.aux'.

LaTeX Font Info:    Checking defaults for OML/cmm/m/it on input line 138.
LaTeX Font Info:    ... okay on input line 138.
LaTeX Font Info:    Checking defaults for T1/lmr/m/n on input line 138.
LaTeX Font Info:    Try loading font information for T1+lmr on input line 138.
(/opt/csw/share/texmf-dist/tex/latex/lm/t1lmr.fd
File: t1lmr.fd 2003/07/22 v1.1 Font defs for Latin Modern
)
LaTeX Font Info:    ... okay on input line 138.
LaTeX Font Info:    Checking defaults for OT1/cmr/m/n on input line 138.
LaTeX Font Info:    ... okay on input line 138.
LaTeX Font Info:    Checking defaults for OMS/cmsy/m/n on input line 138.
LaTeX Font Info:    ... okay on input line 138.
LaTeX Font Info:    Checking defaults for OMX/cmex/m/n on input line 138.
LaTeX Font Info:    ... okay on input line 138.
LaTeX Font Info:    Checking defaults for U/cmr/m/n on input line 138.
LaTeX Font Info:    ... okay on input line 138.
LaTeX Info: Redefining \dots on input line 138.

latex2htmlLength hsize=349.0pt

latex2htmlLength vsize=632.5pt

latex2htmlLength hoffset=0.0pt

latex2htmlLength voffset=0.0pt

latex2htmlLength topmargin=0.0pt

latex2htmlLength topskip=0.00003pt

latex2htmlLength headheight=0.0pt

latex2htmlLength headsep=0.0pt

latex2htmlLength parskip=0.0pt plus 1.0pt

latex2htmlLength oddsidemargin=39.0pt

latex2htmlLength evensidemargin=39.0pt

LaTeX Font Info:    Try loading font information for U+rsfs on input line 162.
(/opt/csw/share/texmf-dist/tex/latex/jknappen/ursfs.fd
File: ursfs.fd 1998/03/24 rsfs font definition file (jk)
)
LaTeX Font Info:    Try loading font information for U+msa on input line 162.
(/opt/csw/share/texmf-dist/tex/latex/amsfonts/umsa.fd
File: umsa.fd 2002/01/19 v2.2g AMS font definitions
)
LaTeX Font Info:    Try loading font information for U+msb on input line 162.
(/opt/csw/share/texmf-dist/tex/latex/amsfonts/umsb.fd
File: umsb.fd 2002/01/19 v2.2g AMS font definitions
)
l2hSize :tex2html_wrap_inline819:17.99998pt::17.99998pt::225.361pt.
[1



]
l2hSize :tex2html_wrap_inline821:17.99998pt::17.99998pt::78.37523pt.
[2


]
l2hSize :tex2html_wrap_inline823:17.99998pt::17.99998pt::78.37523pt.
[3


]
l2hSize :tex2html_wrap_inline827:9.16669pt::9.16669pt::12.01448pt.
[4


]
l2hSize :tex2html_wrap_indisplay829:54.24995pt::54.24995pt::301.00995pt.
[5


]
l2hSize :tex2html_wrap_inline831:9.16669pt::9.16669pt::12.01448pt.
[6


]
l2hSize :tex2html_wrap_indisplay833:54.24995pt::54.24995pt::301.00995pt.
[7


]
l2hSize :tex2html_wrap_inline835:7.74811pt::0.0pt::32.54535pt.
[8


]
l2hSize :tex2html_wrap_indisplay837:17.99998pt::17.99998pt::250.37064pt.
[9


]
l2hSize :tex2html_wrap_inline839:10.93109pt::10.93109pt::62.30968pt.
[10


]
l2hSize :tex2html_wrap_inline841:8.7pt::8.7pt::75.18681pt.
[11


]
l2hSize :tex2html_wrap_indisplay843:17.99998pt::17.99998pt::222.31503pt.
[12


]
l2hSize :displaymath845:57.90051pt::0.0pt::349.0pt.
[13


]
l2hSize :tex2html_wrap_inline847:9.16669pt::9.16669pt::39.24693pt.
[14


]
l2hSize :tex2html_wrap_inline849:8.83331pt::8.83331pt::9.18542pt.
[15


]
l2hSize :tex2html_wrap_inline851:9.5pt::9.5pt::58.63028pt.
[16


]
l2hSize :tex2html_wrap_inline853:8.83331pt::8.83331pt::70.46606pt.
[17


]
l2hSize :tex2html_wrap_inline855:8.36708pt::8.36708pt::67.60895pt.
[18


]
l2hSize :displaymath857:199.99977pt::0.0pt::349.0pt.
[19


]
l2hSize :tex2html_wrap_inline859:9.16669pt::9.16669pt::39.24693pt.
[20


]
l2hSize :displaymath863:58.99994pt::0.0pt::349.0pt.
[21


]
l2hSize :displaymath869:65.49994pt::0.0pt::349.0pt.
[22


]
l2hSize :displaymath871:65.49994pt::0.0pt::349.0pt.
[23


]
l2hSize :displaymath873:65.49994pt::0.0pt::349.0pt.
[24


]
l2hSize :displaymath875:65.49994pt::0.0pt::349.0pt.
[25


]
l2hSize :displaymath877:65.49994pt::0.0pt::349.0pt.
[26


]
l2hSize :displaymath879:65.49994pt::0.0pt::349.0pt.
[27


]
l2hSize :displaymath881:65.49994pt::0.0pt::349.0pt.
[28


]
l2hSize :displaymath883:65.49994pt::0.0pt::349.0pt.
[29


]
l2hSize :displaymath885:65.49994pt::0.0pt::349.0pt.
[30


]
l2hSize :displaymath889:65.49994pt::0.0pt::349.0pt.
[31


]
l2hSize :displaymath891:65.49994pt::0.0pt::349.0pt.
[32


]
l2hSize :displaymath895:65.49994pt::0.0pt::349.0pt.
[33


]
l2hSize :displaymath897:65.49994pt::0.0pt::349.0pt.
[34


]
l2hSize :displaymath901:65.49994pt::0.0pt::349.0pt.
[35


]
l2hSize :displaymath903:65.49994pt::0.0pt::349.0pt.
[36


]
l2hSize :tex2html_wrap_inline905:8.79916pt::0.0pt::12.99982pt.
[37


]
l2hSize :displaymath907:65.49994pt::0.0pt::349.0pt.
[38


]
l2hSize :displaymath909:65.49994pt::0.0pt::349.0pt.
[39


]
l2hSize :displaymath911:65.49994pt::0.0pt::349.0pt.
[40


]
l2hSize :displaymath913:65.49994pt::0.0pt::349.0pt.
[41


]
l2hSize :displaymath917:65.49994pt::0.0pt::349.0pt.
[42


]
l2hSize :displaymath919:65.49994pt::0.0pt::349.0pt.
[43


]
l2hSize :displaymath921:50.99995pt::0.0pt::349.0pt.
[44


]
l2hSize :displaymath923:50.99995pt::0.0pt::349.0pt.
[45


]
l2hSize :tex2html_wrap_inline925:8.83331pt::8.83331pt::35.54253pt.
[46


]
l2hSize :displaymath927:50.99995pt::0.0pt::349.0pt.
[47


]
l2hSize :tex2html_wrap_inline929:8.7pt::8.7pt::38.46297pt.
[48


]
l2hSize :displaymath931:50.99995pt::0.0pt::349.0pt.
[49


]
l2hSize :displaymath933:59.05653pt::0.0pt::349.0pt.
[50


]
l2hSize :displaymath935:50.99995pt::0.0pt::349.0pt.
[51


]
l2hSize :tex2html_wrap_inline937:9.77534pt::9.77534pt::40.35118pt.
[52


]
l2hSize :displaymath939:55.39658pt::0.0pt::349.0pt.
[53


]
l2hSize :tex2html_wrap_inline941:8.7pt::8.7pt::48.5451pt.
[54


]
l2hSize :displaymath943:50.99995pt::0.0pt::349.0pt.
[55


]
l2hSize :tex2html_wrap_inline949:8.2pt::0.0pt::42.4289pt.
[56


]
l2hSize :tex2html_wrap_inline951:8.2pt::0.0pt::51.63438pt.
[57


]
l2hSize :tex2html_wrap_inline953:8.2pt::0.0pt::8.58176pt.
[58


]
l2hSize :tex2html_wrap_inline955:8.2pt::0.0pt::9.82092pt.
[59


]
l2hSize :tex2html_wrap_inline957:32.49997pt::32.49997pt::115.36188pt.
[60


]
l2hSize :tex2html_wrap_inline959:32.49997pt::32.49997pt::127.55365pt.
[61


]
l2hSize :tex2html_wrap_inline961:32.49997pt::32.49997pt::110.1261pt.
[62


]
l2hSize :tex2html_wrap_inline963:8.2pt::0.0pt::9.39563pt.
[63


]
l2hSize :tex2html_wrap_inline969:9.51027pt::0.0pt::76.5127pt.
[64


]
l2hSize :tex2html_wrap_inline975:9.51027pt::0.0pt::21.18219pt.
[65


]
l2hSize :tex2html_wrap_inline977:9.5pt::9.5pt::33.48737pt.
[66


]
l2hSize :tex2html_wrap_inline981:8.24811pt::8.24811pt::29.28162pt.
[67


]
l2hSize :tex2html_wrap_inline983:7.74811pt::0.0pt::7.6012pt.
[68


]
l2hSize :tex2html_wrap_inline985:8.26666pt::0.0pt::14.91154pt.
[69


]
l2hSize :tex2html_wrap_inline987:9.51027pt::0.0pt::19.94302pt.
[70


]
l2hSize :tex2html_wrap_inline993:9.51027pt::0.0pt::12.35126pt.
[71


]
l2hSize :tex2html_wrap_inline995:9.51027pt::0.0pt::12.35126pt.
[72


]
l2hSize :tex2html_wrap_inline1007:32.49997pt::32.49997pt::138.91492pt.
[73


]
l2hSize :tex2html_wrap_inline1009:32.49997pt::32.49997pt::173.37581pt.
[74


]
l2hSize :displaymath1011:65.49994pt::0.0pt::349.0pt.
[75


] (./images.aux) ) 
Here is how much of TeX's memory you used:
 4791 strings out of 94501
 57386 string characters out of 1161794
 146902 words of memory out of 1000000
 7891 multiletter control sequences out of 10000+50000
 10695 words of font info for 43 fonts, out of 500000 for 2000
 580 hyphenation exceptions out of 1000
 27i,13n,24p,225b,241s stack positions out of 1500i,500n,5000p,200000b,5000s

Output written on images.dvi (75 pages, 33000 bytes).
