This is pdfeTeX, Version 3.141592-1.21a-2.2 (Web2C 7.5.4) (format=latex 2005.7.1)  16 SEP 2011 15:00
entering extended mode
**./images.tex
(./images.tex
LaTeX2e <2003/12/01>
Babel <v3.8d> and hyphenation patterns for american, french, german, ngerman, b
ahasa, basque, bulgarian, catalan, croatian, czech, danish, dutch, esperanto, e
stonian, finnish, greek, icelandic, irish, italian, latin, magyar, norsk, polis
h, portuges, romanian, russian, serbian, slovak, slovene, spanish, swedish, tur
kish, ukrainian, nohyphenation, loaded.

(/opt/csw/share/texmf-dist/tex/latex/base/article.cls
Document Class: article 2004/02/16 v1.4f Standard LaTeX document class
(/opt/csw/share/texmf-dist/tex/latex/base/size12.clo
File: size12.clo 2004/02/16 v1.4f Standard LaTeX file (size option)
)
\c@part=\count79
\c@section=\count80
\c@subsection=\count81
\c@subsubsection=\count82
\c@paragraph=\count83
\c@subparagraph=\count84
\c@figure=\count85
\c@table=\count86
\abovecaptionskip=\skip41
\belowcaptionskip=\skip42
\bibindent=\dimen102
) (/opt/csw/share/texmf-dist/tex/latex/base/ifthen.sty
Package: ifthen 2001/05/26 v1.1c Standard LaTeX ifthen package (DPC)
) (/opt/csw/share/texmf-dist/tex/latex/amsmath/amsmath.sty
Package: amsmath 2000/07/18 v2.13 AMS math features
\@mathmargin=\skip43
For additional information on amsmath, use the `?' option.
(/opt/csw/share/texmf-dist/tex/latex/amsmath/amstext.sty
Package: amstext 2000/06/29 v2.01
(/opt/csw/share/texmf-dist/tex/latex/amsmath/amsgen.sty
File: amsgen.sty 1999/11/30 v2.0
\@emptytoks=\toks14
\ex@=\dimen103
)) (/opt/csw/share/texmf-dist/tex/latex/amsmath/amsbsy.sty
Package: amsbsy 1999/11/29 v1.2d
\pmbraise@=\dimen104
) (/opt/csw/share/texmf-dist/tex/latex/amsmath/amsopn.sty
Package: amsopn 1999/12/14 v2.01 operator names
)
\inf@bad=\count87
LaTeX Info: Redefining \frac on input line 211.
\uproot@=\count88
\leftroot@=\count89
LaTeX Info: Redefining \overline on input line 307.
\classnum@=\count90
\DOTSCASE@=\count91
LaTeX Info: Redefining \ldots on input line 379.
LaTeX Info: Redefining \dots on input line 382.
LaTeX Info: Redefining \cdots on input line 467.
\Mathstrutbox@=\box26
\strutbox@=\box27
\big@size=\dimen105
LaTeX Font Info:    Redeclaring font encoding OML on input line 567.
LaTeX Font Info:    Redeclaring font encoding OMS on input line 568.
\macc@depth=\count92
\c@MaxMatrixCols=\count93
\dotsspace@=\muskip10
\c@parentequation=\count94
\dspbrk@lvl=\count95
\tag@help=\toks15
\row@=\count96
\column@=\count97
\maxfields@=\count98
\andhelp@=\toks16
\eqnshift@=\dimen106
\alignsep@=\dimen107
\tagshift@=\dimen108
\tagwidth@=\dimen109
\totwidth@=\dimen110
\lineht@=\dimen111
\@envbody=\toks17
\multlinegap=\skip44
\multlinetaggap=\skip45
\mathdisplay@stack=\toks18
LaTeX Info: Redefining \[ on input line 2666.
LaTeX Info: Redefining \] on input line 2667.
) (/opt/csw/share/texmf-dist/tex/latex/amsfonts/amssymb.sty
Package: amssymb 2002/01/22 v2.2d
(/opt/csw/share/texmf-dist/tex/latex/amsfonts/amsfonts.sty
Package: amsfonts 2001/10/25 v2.2f
\symAMSa=\mathgroup4
\symAMSb=\mathgroup5
LaTeX Font Info:    Overwriting math alphabet `\mathfrak' in version `bold'
(Font)                  U/euf/m/n --> U/euf/b/n on input line 132.
)) (/opt/csw/share/texmf-dist/tex/generic/babel/babel.sty
Package: babel 2004/11/20 v3.8d The Babel package
(/opt/csw/share/texmf-dist/tex/generic/babel/frenchb.ldf
Language: french 2004/04/02 v1.6f French support from the babel system
(/opt/csw/share/texmf-dist/tex/generic/babel/babel.def
File: babel.def 2004/11/20 v3.8d Babel common definitions
\babel@savecnt=\count99
\U@D=\dimen112
)
Package babel Info: Making : an active character on input line 219.
Package babel Info: Making ; an active character on input line 220.
Package babel Info: Making ! an active character on input line 221.
Package babel Info: Making ? an active character on input line 222.
LaTeX Font Info:    Redeclaring font encoding T1 on input line 299.
\parindentFFN=\dimen113
\std@mcc=\count100
\dec@mcc=\count101
*************************************
* Local config file frenchb.cfg used
*
(/opt/csw/share/texmf-dist/tex/generic/babel/frenchb.cfg))) (/opt/csw/share/tex
mf-dist/tex/latex/base/inputenc.sty
Package: inputenc 2004/02/05 v1.0d Input encoding file
(/opt/csw/share/texmf-dist/tex/latex/base/latin1.def
File: latin1.def 2004/02/05 v1.0d Input encoding file
)) (/opt/csw/share/texmf-dist/tex/latex/base/fontenc.sty
Package: fontenc 2004/02/22 v1.99f Standard LaTeX package
(/opt/csw/share/texmf-dist/tex/latex/base/t1enc.def
File: t1enc.def 2004/02/22 v1.99f Standard LaTeX file
LaTeX Font Info:    Redeclaring font encoding T1 on input line 43.
)) (/opt/csw/share/texmf-dist/tex/generic/xypic/xy.sty (/opt/csw/share/texmf-di
st/tex/generic/xypic/xy.tex Bootstrap'ing: catcodes, docmode, (/opt/csw/share/t
exmf-dist/tex/generic/xypic/xyrecat.tex) (/opt/csw/share/texmf-dist/tex/generic
/xypic/xyidioms.tex)

 Xy-pic version 3.7 <1999/02/16>
 Copyright (c) 1991-1998 by Kristoffer H. Rose <krisrose@ens-lyon.fr>
 Xy-pic is free software: see the User's Guide for details.

Loading kernel: messages; fonts; allocations: state,
\X@c=\dimen114
\Y@c=\dimen115
\U@c=\dimen116
\D@c=\dimen117
\L@c=\dimen118
\R@c=\dimen119
\Edge@c=\toks19
\X@p=\dimen120
\Y@p=\dimen121
\U@p=\dimen122
\D@p=\dimen123
\L@p=\dimen124
\R@p=\dimen125
\Edge@p=\toks20
\X@origin=\dimen126
\Y@origin=\dimen127
\X@xbase=\dimen128
\Y@xbase=\dimen129
\X@ybase=\dimen130
\Y@ybase=\dimen131
\X@min=\dimen132
\Y@min=\dimen133
\X@max=\dimen134
\Y@max=\dimen135
\lastobjectbox@=\box28
\zerodotbox@=\box29
\almostz@=\dimen136
direction,
\d@X=\dimen137
\d@Y=\dimen138
\K@=\count102
\KK@=\count103
\Direction=\count104
\K@dXdY=\dimen139
\K@dYdX=\dimen140
\xyread@=\read1
\xywrite@=\write3
\csp@=\count105
\quotPTK@=\dimen141
utility macros; pictures: \xy, positions,
\swaptoks@@=\toks21
\connectobjectbox@@=\box30
objects,
\styletoks@=\toks22
decorations; kernel objects: directionals, circles, text; options; algorithms: 
directions, edges, connections;  Xy-pic loaded)
Package: xy 1999/02/16 Xy-pic version 3.7
(/opt/csw/share/texmf-dist/tex/generic/xypic/xyall.tex  Xy-pic option: All feat
ures v.3.3 (/opt/csw/share/texmf-dist/tex/generic/xypic/xycurve.tex  Xy-pic opt
ion: Curve and Spline extension v.3.7 curve,
\crv@cnt@=\count106
\crvpts@=\toks23
\splinebox@=\box31
\splineval@=\dimen142
\splinedepth@=\dimen143
\splinetol@=\dimen144
\splinelength@=\dimen145
circles,
\L@=\dimen146
loaded) (/opt/csw/share/texmf-dist/tex/generic/xypic/xyframe.tex  Xy-pic option
: Frame and Bracket extension v.3.7 loaded) (/opt/csw/share/texmf-dist/tex/gene
ric/xypic/xycmtip.tex  Xy-pic option: Computer Modern tip extension v.3.3 (/opt
/csw/share/texmf-dist/tex/generic/xypic/xytips.tex  Xy-pic option: More Tips ex
tension v.3.3 loaded) loaded) (/opt/csw/share/texmf-dist/tex/generic/xypic/xyli
ne.tex  Xy-pic option: Line styles extension v.3.6
\xylinethick@=\dimen147
loaded) (/opt/csw/share/texmf-dist/tex/generic/xypic/xyrotate.tex  Xy-pic optio
n: Rotate and Scale extension v.3.3 loaded) (/opt/csw/share/texmf-dist/tex/gene
ric/xypic/xycolor.tex  Xy-pic option: Colour extension v.3.3 loaded) (/opt/csw/
share/texmf-dist/tex/generic/xypic/xymatrix.tex  Xy-pic option: Matrix feature 
v.3.4
\Row=\count107
\Col=\count108
\queue@=\toks24
\queue@@=\toks25
\qcount@=\count109
\qcount@@=\count110
\matrixsize@=\count111
loaded) (/opt/csw/share/texmf-dist/tex/generic/xypic/xyarrow.tex  Xy-pic option
: Arrow and Path feature v.3.5 path, \ar, loaded) (/opt/csw/share/texmf-dist/te
x/generic/xypic/xygraph.tex  Xy-pic option: Graph feature v.3.7 loaded) loaded)
) (/opt/csw/share/texmf-local/tex/latex/html/html.sty
Package: html 1999/07/19 v1.38 hypertext commands for latex2html (nd, hws, rrm)

\c@lpart=\count112
\c@lchapter=\count113
\c@chapter=\count114
\c@lsection=\count115
\c@lsubsection=\count116
\c@lsubsubsection=\count117
\c@lparagraph=\count118
\c@lsubparagraph=\count119
\c@lsubsubparagraph=\count120
\ptrfile=\write4
) (/opt/csw/share/texmf-dist/tex/latex/picins/picins.sty Option `picins' Versio
n 3.0 Sep. 1992, TH Darmstadt/HRZ
\@BILD=\box32
\@TEXT=\box33
\d@breite=\dimen148
\d@hoehe=\dimen149
\d@xoff=\dimen150
\d@yoff=\dimen151
\d@shad=\dimen152
\d@dash=\dimen153
\d@boxl=\dimen154
\d@pichskip=\dimen155
\d@tmp=\dimen156
\d@tmpa=\dimen157
\d@bskip=\dimen158
\hsiz@=\dimen159
\p@getot@l=\dimen160
\c@breite=\count121
\c@hoehe=\count122
\c@xoff=\count123
\c@yoff=\count124
\c@pos=\count125
\c@shad=\count126
\c@dash=\count127
\c@boxl=\count128
\c@zeilen=\count129
\@changemode=\count130
\c@piccaption=\count131
\c@piccaptionpos=\count132
\c@picpos=\count133
\c@whole=\count134
\c@half=\count135
\c@tmp=\count136
\c@tmpa=\count137
\c@tmpb=\count138
\c@tmpc=\count139
\c@tmpd=\count140
\d@leftskip=\skip46
\ptoti=\dimen161
\ptotii=\dimen162
\env@box=\box34
\d@envdp=\dimen163
\c@hsize=\count141
\c@envdp=\count142
\d@envb=\dimen164
) (/opt/csw/share/texmf-dist/tex/latex/graphics/graphicx.sty
Package: graphicx 1999/02/16 v1.0f Enhanced LaTeX Graphics (DPC,SPQR)
(/opt/csw/share/texmf-dist/tex/latex/graphics/keyval.sty
Package: keyval 1999/03/16 v1.13 key=value parser (DPC)
\KV@toks@=\toks26
) (/opt/csw/share/texmf-dist/tex/latex/graphics/graphics.sty
Package: graphics 2001/07/07 v1.0n Standard LaTeX Graphics (DPC,SPQR)
(/opt/csw/share/texmf-dist/tex/latex/graphics/trig.sty
Package: trig 1999/03/16 v1.09 sin cos tan (DPC)
) (/opt/csw/share/texmf-dist/tex/latex/graphics/graphics.cfg
File: graphics.cfg 2005/02/03 v1.3 graphics configuration of teTeX/TeXLive
)
Package graphics Info: Driver file: dvips.def on input line 80.
(/opt/csw/share/texmf-dist/tex/latex/graphics/dvips.def
File: dvips.def 1999/02/16 v3.0i Driver-dependant file (DPC,SPQR)
))
\Gin@req@height=\dimen165
\Gin@req@width=\dimen166
) (/opt/csw/share/texmf-dist/tex/generic/epsf/epsf.tex
This is `epsf.tex' v2.7k <10 July 1997>
\epsffilein=\read2
\epsfframemargin=\dimen167
\epsfframethickness=\dimen168
\epsfrsize=\dimen169
\epsftmp=\dimen170
\epsftsize=\dimen171
\epsfxsize=\dimen172
\epsfysize=\dimen173
\pspoints=\dimen174
\epsfnoopenhelp=\toks27
) (/opt/csw/share/texmf-dist/tex/latex/graphics/color.sty
Package: color 1999/02/16 v1.0i Standard LaTeX Color (DPC)
(/opt/csw/share/texmf-dist/tex/latex/graphics/color.cfg
File: color.cfg 2005/02/03 v1.3 color configuration of teTeX/TeXLive
)
Package color Info: Driver file: dvips.def on input line 125.
(/opt/csw/share/texmf-dist/tex/latex/graphics/dvipsnam.def
File: dvipsnam.def 1999/02/16 v3.0i Driver-dependant file (DPC,SPQR)
))
\sizebox=\box35
\lthtmlwrite=\write5
No file images.aux.
\openout1 = `images.aux'.

LaTeX Font Info:    Checking defaults for OML/cmm/m/it on input line 147.
LaTeX Font Info:    ... okay on input line 147.
LaTeX Font Info:    Checking defaults for T1/lmr/m/n on input line 147.
LaTeX Font Info:    Try loading font information for T1+lmr on input line 147.
(/opt/csw/share/texmf-dist/tex/latex/lm/t1lmr.fd
File: t1lmr.fd 2003/07/22 v1.1 Font defs for Latin Modern
)
LaTeX Font Info:    ... okay on input line 147.
LaTeX Font Info:    Checking defaults for OT1/cmr/m/n on input line 147.
LaTeX Font Info:    ... okay on input line 147.
LaTeX Font Info:    Checking defaults for OMS/cmsy/m/n on input line 147.
LaTeX Font Info:    ... okay on input line 147.
LaTeX Font Info:    Checking defaults for OMX/cmex/m/n on input line 147.
LaTeX Font Info:    ... okay on input line 147.
LaTeX Font Info:    Checking defaults for U/cmr/m/n on input line 147.
LaTeX Font Info:    ... okay on input line 147.
LaTeX Info: Redefining \dots on input line 147.

latex2htmlLength hsize=349.0pt

latex2htmlLength vsize=632.5pt

latex2htmlLength hoffset=0.0pt

latex2htmlLength voffset=0.0pt

latex2htmlLength topmargin=0.0pt

latex2htmlLength topskip=0.00003pt

latex2htmlLength headheight=0.0pt

latex2htmlLength headsep=0.0pt

latex2htmlLength parskip=0.0pt plus 1.0pt

latex2htmlLength oddsidemargin=39.0pt

latex2htmlLength evensidemargin=39.0pt

LaTeX Font Info:    Try loading font information for U+msa on input line 175.
(/opt/csw/share/texmf-dist/tex/latex/amsfonts/umsa.fd
File: umsa.fd 2002/01/19 v2.2g AMS font definitions
)
LaTeX Font Info:    Try loading font information for U+msb on input line 175.
(/opt/csw/share/texmf-dist/tex/latex/amsfonts/umsb.fd
File: umsb.fd 2002/01/19 v2.2g AMS font definitions
)
l2hSize :tex2html_wrap9961:19.4445pt::41.92027pt::349.0pt.
[1



]
l2hSize :displaymath13724:54.35pt::0.0pt::349.0pt.
[2


]
l2hSize :displaymath13726:222.12608pt::0.0pt::349.0pt.
[3


]
l2hSize :tex2html_wrap9979:19.4445pt::57.55836pt::349.0pt.
[4


]
l2hSize :displaymath13729:84.61479pt::0.0pt::349.0pt.
[5


]
l2hSize :displaymath13731:353.83708pt::0.0pt::349.0pt.
[6


]
l2hSize :tex2html_wrap10029:12.4pt::61.33455pt::349.0pt.
[7


]
l2hSize :tex2html_wrap_inline13736:9.5pt::9.5pt::82.96786pt.
[8


]
l2hSize :tex2html_wrap_inline13738:9.5pt::9.5pt::84.2734pt.
[9


]
l2hSize :tex2html_wrap_inline13740:11.33109pt::11.33109pt::264.84805pt.
[10


]
l2hSize :tex2html_wrap_inline13742:11.33109pt::11.33109pt::292.59818pt.
[11


]
l2hSize :tex2html_wrap_inline13744:8.2pt::0.0pt::10.66953pt.
[12


]
l2hSize :tex2html_wrap_inline13746:8.24811pt::8.24811pt::11.06654pt.
[13


]
l2hSize :tex2html_wrap_inline13748:8.24811pt::8.24811pt::11.06654pt.
[14


]
l2hSize :tex2html_wrap_inline13750:8.83331pt::8.83331pt::69.1465pt.
[15


]
l2hSize :tex2html_wrap_inline13752:8.83331pt::8.83331pt::40.34822pt.
[16


]
l2hSize :displaymath13754:72.63004pt::0.0pt::349.0pt.
[17


]
l2hSize :tex2html_wrap_indisplay13756:17.90013pt::17.90013pt::170.50462pt.
[18


]
l2hSize :tex2html_wrap_inline13758:7.74811pt::0.0pt::7.26442pt.
[19


]
l2hSize :tex2html_wrap_indisplay13760:16.9514pt::16.9514pt::158.4778pt.
[20


]
l2hSize :tex2html_wrap_inline13762:8.33331pt::0.0pt::7.10123pt.
[21


]
l2hSize :tex2html_wrap_inline13764:7.74811pt::0.0pt::28.43567pt.
[22


]
l2hSize :tex2html_wrap_inline13766:7.74811pt::0.0pt::28.94472pt.
[23


]
l2hSize :tex2html_wrap_inline13768:12.21997pt::12.21997pt::204.60529pt.
[24


]
l2hSize :tex2html_wrap_inline13770:10.78033pt::10.78033pt::109.8276pt.
[25


]
l2hSize :tex2html_wrap_inline13772:8.33331pt::0.0pt::28.78152pt.
[26


]
l2hSize :tex2html_wrap_inline13774:11.33109pt::11.33109pt::122.20161pt.
[27


]
l2hSize :tex2html_wrap_inline13776:9.5pt::9.5pt::48.19162pt.
[28


]
l2hSize :tex2html_wrap10061:12.4pt::22.87146pt::349.0pt.
[29


]
l2hSize :tex2html_wrap_inline13779:12.90996pt::12.90996pt::485.5466pt.

Overfull \hbox (139.93097pt too wide) in paragraph at lines 407--408
[]|[] 
 []

[30


]
l2hSize :tex2html_wrap_inline13781:7.74811pt::0.0pt::4.8304pt.
[31


]
l2hSize :tex2html_wrap_inline13783:9.5pt::9.5pt::141.03096pt.
[32


]
l2hSize :tex2html_wrap_inline13787:11.91476pt::11.91476pt::210.10187pt.
[33


]
l2hSize :tex2html_wrap10085:12.19916pt::34.73276pt::349.0pt.
[34


]
l2hSize :displaymath13792:97.84996pt::0.0pt::349.0pt.
[35


]
l2hSize :tex2html_wrap_inline13794:9.68808pt::9.68808pt::39.89417pt.
[36


]
l2hSize :tex2html_wrap_inline13796:10.01027pt::10.01027pt::37.53302pt.
[37


]
l2hSize :tex2html_wrap10097:12.4pt::60.75977pt::349.0pt.
[38


]
l2hSize :tex2html_wrap_inline13799:10.01027pt::10.01027pt::125.57408pt.
[39


]
l2hSize :tex2html_wrap_inline13801:10.01027pt::10.01027pt::266.1429pt.
[40


]
l2hSize :tex2html_wrap_inline13803:10.01027pt::10.01027pt::336.58542pt.
[41


]
l2hSize :tex2html_wrap_inline13805:10.01027pt::10.01027pt::376.35112pt.

Overfull \hbox (30.73549pt too wide) in paragraph at lines 495--496
[]|[] 
 []

[42


]
l2hSize :tex2html_wrap10115:11.66464pt::44.80266pt::349.0pt.
[43


]
l2hSize :tex2html_wrap_inline13816:8.83333pt::8.83333pt::37.7607pt.
[44


]
l2hSize :tex2html_wrap_inline13818:10.78033pt::10.78033pt::102.6184pt.
[45


]
l2hSize :tex2html_wrap_inline13820:12.21997pt::12.21997pt::51.64206pt.
[46


]
l2hSize :tex2html_wrap_inline13822:9.5pt::9.5pt::69.56023pt.
[47


]
l2hSize :tex2html_wrap_inline13824:9.5pt::9.5pt::85.85033pt.
[48


]
l2hSize :displaymath13826:148.0126pt::0.0pt::349.0pt.
[49


]
l2hSize :tex2html_wrap_inline13830:8.24811pt::8.24811pt::37.95526pt.
[50


]
l2hSize :tex2html_wrap_inline13832:14.5841pt::14.5841pt::74.66196pt.
[51


]
l2hSize :tex2html_wrap_inline13836:10.78033pt::10.78033pt::102.97972pt.
[52


]
l2hSize :tex2html_wrap_inline13838:10.01027pt::10.01027pt::29.92744pt.
[53


]
l2hSize :tex2html_wrap_inline13840:10.01027pt::10.01027pt::32.36147pt.
[54


]
l2hSize :displaymath13842:57.16762pt::0.0pt::349.0pt.
[55


]
l2hSize :tex2html_wrap_inline13844:7.74811pt::0.0pt::26.5107pt.
[56


]
l2hSize :tex2html_wrap_inline13846:9.5pt::9.5pt::153.10925pt.
[57


]
l2hSize :tex2html_wrap_inline13848:9.5pt::9.5pt::166.3564pt.
[58


]
l2hSize :tex2html_wrap_inline13850:7.74811pt::0.0pt::17.55943pt.
[59


]
l2hSize :displaymath13852:61.06616pt::0.0pt::349.0pt.
[60


]
l2hSize :tex2html_wrap_inline13854:10.38034pt::10.38034pt::38.3855pt.
[61


]
l2hSize :tex2html_wrap10187:11.66464pt::43.58281pt::349.0pt.
[62


]
l2hSize :displaymath13857:164.11711pt::0.0pt::349.0pt.
[63


]
l2hSize :tex2html_wrap_inline13859:14.5841pt::14.5841pt::71.30775pt.
[64


]
l2hSize :tex2html_wrap_inline13861:14.5841pt::14.5841pt::71.30775pt.
[65


]
l2hSize :tex2html_wrap_inline13863:8.24811pt::8.24811pt::28.42734pt.
[66


]
l2hSize :tex2html_wrap_inline13865:9.5pt::9.5pt::43.44107pt.
[67


]
l2hSize :tex2html_wrap_inline13869:18.46432pt::18.46432pt::173.95284pt.
[68


]
l2hSize :tex2html_wrap_inline13871:8.33331pt::0.0pt::28.78152pt.
[69


]
l2hSize :tex2html_wrap_inline13873:18.46432pt::18.46432pt::82.9536pt.
[70


]
l2hSize :tex2html_wrap_inline13875:14.5841pt::14.5841pt::50.1273pt.
[71


]
l2hSize :displaymath13877:88.18109pt::0.0pt::349.0pt.
[72


]
l2hSize :tex2html_wrap10229:11.66464pt::45.91557pt::349.0pt.
[73


]
l2hSize :tex2html_wrap10235:12.11996pt::48.91557pt::349.0pt.
[74


]
l2hSize :tex2html_wrap_inline13885:9.29916pt::9.29916pt::159.86331pt.
[75


]
l2hSize :tex2html_wrap_inline13887:10.78033pt::10.78033pt::56.3443pt.
[76


]
l2hSize :tex2html_wrap_inline13889:9.5pt::9.5pt::137.86334pt.
[77


]
l2hSize :tex2html_wrap_inline13891:12.21997pt::12.21997pt::56.31616pt.
[78


]
l2hSize :tex2html_wrap_inline13893:9.5pt::9.5pt::45.97925pt.
[79


]
l2hSize :tex2html_wrap10249:12.3978pt::32.08208pt::349.0pt.
[80


]
l2hSize :displaymath13896:92.54417pt::0.0pt::349.0pt.
[81


]
l2hSize :tex2html_wrap_inline13898:9.21997pt::9.21997pt::30.26494pt.
[82


]
l2hSize :tex2html_wrap_inline13900:9.29916pt::9.29916pt::116.6835pt.
[83


]
l2hSize :tex2html_wrap_inline13902:10.78033pt::10.78033pt::213.12032pt.
[84


]
l2hSize :tex2html_wrap_inline13904:18.93994pt::18.93994pt::165.33534pt.
[85


]
l2hSize :tex2html_wrap_inline13906:8.83333pt::8.83333pt::28.95511pt.
[86


]
l2hSize :tex2html_wrap_inline13908:7.74811pt::0.0pt::29.14967pt.
[87


]
l2hSize :tex2html_wrap_inline13910:8.24811pt::8.24811pt::57.59715pt.
[88


]
l2hSize :displaymath13914:345.1553pt::0.0pt::349.0pt.
[89


]
l2hSize :tex2html_wrap_inline13916:8.24811pt::8.24811pt::6.74704pt.
[90


]
l2hSize :tex2html_wrap10287:12.4pt::35.39926pt::349.0pt.
[91


]
l2hSize :tex2html_wrap_inline13921:10.01027pt::10.01027pt::295.66747pt.
[92


]
l2hSize :tex2html_wrap_inline13923:8.24811pt::8.24811pt::85.8365pt.
[93


]
l2hSize :tex2html_wrap_inline13925:8.79916pt::0.0pt::31.58708pt.
[94


]
l2hSize :tex2html_wrap_inline13927:8.24811pt::8.24811pt::28.6219pt.
[95


]
l2hSize :tex2html_wrap10297:12.91026pt::34.73276pt::349.0pt.
[96


]
l2hSize :tex2html_wrap_inline13930:9.5pt::9.5pt::27.82669pt.
[97


]
l2hSize :tex2html_wrap_inline13932:10.01027pt::10.01027pt::64.9355pt.
[98


]
l2hSize :tex2html_wrap_inline13936:10.38034pt::10.38034pt::134.63817pt.
[99


]
l2hSize :tex2html_wrap_inline13938:12.46552pt::12.46552pt::136.66849pt.
[100


]
l2hSize :tex2html_wrap_inline13940:8.83333pt::8.83333pt::28.94472pt.
[101


]
l2hSize :tex2html_wrap_inline13944:9.5pt::9.5pt::26.73988pt.
[102


]
l2hSize :tex2html_wrap_inline13946:17.44844pt::17.44844pt::192.12943pt.
[103


]
l2hSize :tex2html_wrap_inline13948:9.29916pt::9.29916pt::9.5526pt.
[104


]
l2hSize :tex2html_wrap_inline13950:12.90996pt::12.90996pt::174.27373pt.
[105


]
l2hSize :tex2html_wrap_inline13956:10.78033pt::10.78033pt::213.12032pt.
[106


]
l2hSize :tex2html_wrap_inline13958:18.93994pt::18.93994pt::165.92566pt.
[107


]
l2hSize :tex2html_wrap_inline13960:10.01027pt::10.01027pt::54.86464pt.
[108


]
l2hSize :tex2html_wrap_inline13962:10.01027pt::10.01027pt::69.87837pt.
[109


]
l2hSize :tex2html_wrap_inline13972:18.93994pt::18.93994pt::123.4808pt.
[110


]
l2hSize :tex2html_wrap_inline13974:11.91476pt::11.91476pt::89.6254pt.
[111


]
l2hSize :displaymath13976:299.82072pt::0.0pt::349.0pt.
[112


]
l2hSize :tex2html_wrap10325:13.66853pt::18.9pt::349.0pt.
[113


]
l2hSize :tex2html_wrap_inline13985:9.5pt::9.5pt::70.29994pt.
[114


]
l2hSize :tex2html_wrap_inline13987:10.41026pt::10.41026pt::75.82777pt.
[115


]
l2hSize :tex2html_wrap_inline13989:8.83331pt::8.83331pt::30.4345pt.
[116


]
l2hSize :displaymath13991:54.35pt::0.0pt::349.0pt.
[117


]
l2hSize :tex2html_wrap_inline13993:9.5pt::9.5pt::340.2218pt.
[118


]
l2hSize :displaymath13995:91.34996pt::0.0pt::349.0pt.
[119


]
l2hSize :tex2html_wrap10365:11.66464pt::95.01137pt::349.0pt.
[120


]
l2hSize :tex2html_wrap_inline13998:17.21117pt::17.21117pt::221.2552pt.
[121


]
l2hSize :tex2html_wrap_inline14000:17.21117pt::17.21117pt::185.8907pt.
[122


]
l2hSize :tex2html_wrap_inline14002:8.83331pt::8.83331pt::28.97609pt.
[123


]
l2hSize :displaymath14004:494.59648pt::0.0pt::349.0pt.
[124


]
l2hSize :tex2html_wrap10421:11.7333pt::61.4pt::349.0pt.
[125


]
l2hSize :tex2html_wrap_inline14007:10.78033pt::10.78033pt::85.9573pt.
[126


]
l2hSize :tex2html_wrap_inline14009:8.24811pt::8.24811pt::28.43567pt.
[127


]
l2hSize :tex2html_wrap_inline14011:8.24811pt::8.24811pt::38.02818pt.
[128


]
l2hSize :tex2html_wrap_inline14013:10.33109pt::10.33109pt::66.49042pt.
[129


]
l2hSize :tex2html_wrap_inline14015:14.8973pt::14.8973pt::374.5357pt.

Overfull \hbox (28.92007pt too wide) in paragraph at lines 1175--1176
[]|[] 
 []

[130


]
l2hSize :tex2html_wrap_indisplay14017:46.70044pt::46.70044pt::149.31197pt.
[131


]
l2hSize :tex2html_wrap_inline14019:18.25563pt::18.25563pt::107.23709pt.
[132


]
l2hSize :tex2html_wrap_inline14021:18.25563pt::18.25563pt::107.04253pt.
[133


]
l2hSize :tex2html_wrap_inline14023:18.25563pt::18.25563pt::262.89955pt.
[134


]
l2hSize :displaymath14025:158.7915pt::0.0pt::349.0pt.
[135


]
l2hSize :tex2html_wrap_inline14031:10.78033pt::10.78033pt::56.10817pt.
[136


]
l2hSize :tex2html_wrap_inline14033:8.66922pt::8.66922pt::45.8895pt.
[137


]
l2hSize :tex2html_wrap_inline14035:7.74811pt::0.0pt::7.6012pt.
[138


]
l2hSize :tex2html_wrap_inline14037:10.78033pt::10.78033pt::56.10817pt.
[139


]
l2hSize :tex2html_wrap_inline14039:8.33331pt::0.0pt::27.55649pt.
[140


]
l2hSize :displaymath14041:65.9888pt::0.0pt::349.0pt.
[141


]
l2hSize :displaymath14043:131.86636pt::0.0pt::349.0pt.
[142


]
l2hSize :tex2html_wrap_inline14045:10.78033pt::10.78033pt::56.10817pt.
[143


]
l2hSize :tex2html_wrap_inline14047:10.78033pt::10.78033pt::56.10817pt.
[144


]
l2hSize :tex2html_wrap_inline14049:8.24811pt::8.24811pt::39.24693pt.
[145


]
l2hSize :tex2html_wrap_inline14051:8.24811pt::8.24811pt::39.24693pt.
[146


]
l2hSize :tex2html_wrap_inline14055:8.83331pt::8.83331pt::27.55649pt.
[147


]
l2hSize :tex2html_wrap_inline14057:11.0581pt::11.0581pt::90.3374pt.
[148


]
l2hSize :tex2html_wrap_inline14061:8.79916pt::0.0pt::9.90678pt.
[149


]
l2hSize :tex2html_wrap_inline14063:8.83331pt::8.83331pt::27.55649pt.
[150


]
l2hSize :tex2html_wrap_inline14065:10.78033pt::10.78033pt::65.92871pt.
[151


]
l2hSize :tex2html_wrap_inline14067:8.83331pt::8.83331pt::14.9165pt.
[152


]
l2hSize :tex2html_wrap_inline14069:8.66922pt::8.66922pt::17.74963pt.
[153


]
l2hSize :tex2html_wrap_inline14073:8.83331pt::8.83331pt::27.55649pt.
[154


]
l2hSize :tex2html_wrap_inline14075:8.83331pt::8.83331pt::27.55649pt.
[155


]
l2hSize :tex2html_wrap_inline14077:10.78033pt::10.78033pt::44.24841pt.
[156


]
l2hSize :tex2html_wrap_inline14083:10.05815pt::10.05815pt::25.54056pt.
[157


]
l2hSize :tex2html_wrap10471:13.68033pt::49.9pt::349.0pt.
[158


]
l2hSize :displaymath14088:62.34999pt::0.0pt::349.0pt.
[159


]
l2hSize :tex2html_wrap_inline14090:9.5pt::9.5pt::22.04344pt.
[160


]
l2hSize :tex2html_wrap10487:12.3978pt::66.74922pt::349.0pt.
[161


]
l2hSize :tex2html_wrap_inline14093:14.7745pt::14.7745pt::67.89487pt.
[162


]
l2hSize :displaymath14097:141.49033pt::0.0pt::349.0pt.
[163


]
l2hSize :displaymath14103:64.94589pt::0.0pt::349.0pt.
[164


]
l2hSize :tex2html_wrap_inline14107:9.5pt::9.5pt::28.72047pt.
[165


]
l2hSize :tex2html_wrap_inline14109:14.7745pt::14.7745pt::249.84369pt.
[166


]
l2hSize :tex2html_wrap_inline14111:8.83331pt::8.83331pt::30.4345pt.
[167


]
l2hSize :tex2html_wrap10515:11.66464pt::5.73276pt::349.0pt.
[168


]
l2hSize :tex2html_wrap10521:13.68033pt::7.53809pt::349.0pt.
[169


]
l2hSize :tex2html_wrap_inline14120:10.78033pt::10.78033pt::221.29741pt.
[170


]
l2hSize :tex2html_wrap_inline14122:10.38034pt::10.38034pt::56.16908pt.
[171


]
l2hSize :tex2html_wrap_indisplay14124:13.89116pt::13.89116pt::233.63081pt.
[172


]
l2hSize :displaymath14126:54.97144pt::0.0pt::349.0pt.
[173


]
l2hSize :tex2html_wrap10553:13.68033pt::7.53809pt::349.0pt.
[174


]
l2hSize :tex2html_wrap_inline14129:10.78033pt::10.78033pt::67.13416pt.
[175


]
l2hSize :tex2html_wrap_inline14131:9.5pt::9.5pt::41.54666pt.
[176


]
l2hSize :tex2html_wrap_indisplay14133:11.89919pt::11.89919pt::145.30759pt.
[177


]
l2hSize :displaymath14135:102.73303pt::0.0pt::349.0pt.
[178


]
l2hSize :tex2html_wrap10585:13.68033pt::7.53809pt::349.0pt.
[179


]
l2hSize :tex2html_wrap_inline14138:10.78033pt::10.78033pt::68.4314pt.
[180


]
l2hSize :tex2html_wrap_inline14140:9.5pt::9.5pt::55.12303pt.
[181


]
l2hSize :tex2html_wrap_indisplay14142:12.14468pt::12.14468pt::165.7661pt.
[182


]
l2hSize :displaymath14144:74.9843pt::0.0pt::349.0pt.
[183


]
l2hSize :tex2html_wrap_inline14148:11.5447pt::11.5447pt::160.4389pt.
[184


]
l2hSize :tex2html_wrap_inline14150:9.5pt::9.5pt::39.07443pt.
[185


]
l2hSize :tex2html_wrap_inline14152:11.5447pt::11.5447pt::72.8398pt.
[186


]
l2hSize :tex2html_wrap10617:13.68033pt::7.53809pt::349.0pt.
[187


]
l2hSize :tex2html_wrap_inline14155:10.78033pt::10.78033pt::219.66548pt.
[188


]
l2hSize :tex2html_wrap_inline14157:10.38034pt::10.38034pt::56.16908pt.
[189


]
l2hSize :tex2html_wrap_indisplay14159:13.89116pt::13.89116pt::253.18642pt.
[190


]
l2hSize :displaymath14161:87.79805pt::0.0pt::349.0pt.
[191


]
l2hSize :tex2html_wrap_inline14163:9.5pt::9.5pt::55.19095pt.
[192


]
l2hSize :tex2html_wrap_inline14165:11.91476pt::11.91476pt::274.75745pt.
[193


]
l2hSize :tex2html_wrap_inline14167:9.5pt::9.5pt::39.07443pt.
[194


]
l2hSize :displaymath14169:153.29178pt::0.0pt::349.0pt.
[195


]
l2hSize :tex2html_wrap10655:14.27275pt::7.53809pt::349.0pt.
[196


]
l2hSize :tex2html_wrap_inline14172:11.37276pt::11.37276pt::114.71738pt.
[197


]
l2hSize :tex2html_wrap_inline14174:11.37276pt::11.37276pt::90.63829pt.
[198


]
l2hSize :tex2html_wrap_indisplay14176:12.87523pt::12.87523pt::154.49962pt.
[199


]
l2hSize :displaymath14178:78.76842pt::0.0pt::349.0pt.
[200


]
l2hSize :tex2html_wrap_inline14180:9.5pt::9.5pt::43.44107pt.
[201


]
l2hSize :tex2html_wrap_inline14182:9.5pt::9.5pt::77.62117pt.
[202


]
l2hSize :tex2html_wrap_inline14184:7.74811pt::0.0pt::27.32455pt.
[203


]
l2hSize :tex2html_wrap10695:13.68033pt::7.53809pt::349.0pt.
[204


]
l2hSize :tex2html_wrap_inline14191:10.78033pt::10.78033pt::245.3511pt.
[205


]
l2hSize :tex2html_wrap_inline14193:11.91476pt::11.91476pt::89.23863pt.
[206


]
l2hSize :tex2html_wrap_inline14197:7.74811pt::0.0pt::28.94472pt.
[207


]
l2hSize :tex2html_wrap_inline14201:10.38034pt::10.38034pt::42.85649pt.
[208


]
l2hSize :tex2html_wrap_indisplay14203:12.59201pt::12.59201pt::185.0651pt.
[209


]
l2hSize :displaymath14205:85.87961pt::0.0pt::349.0pt.
[210


]
l2hSize :tex2html_wrap10733:13.83109pt::9.09364pt::349.0pt.
[211


]
l2hSize :tex2html_wrap_inline14208:13.6473pt::13.6473pt::227.41495pt.
[212


]
l2hSize :tex2html_wrap_inline14210:8.24811pt::8.24811pt::35.10437pt.
[213


]
l2hSize :tex2html_wrap_inline14212:8.83333pt::8.83333pt::35.10437pt.
[214


]
l2hSize :tex2html_wrap_inline14218:10.78033pt::10.78033pt::213.20377pt.
[215


]
l2hSize :tex2html_wrap_inline14220:17.9484pt::17.9484pt::240.7665pt.
[216


]
l2hSize :tex2html_wrap_inline14222:9.21997pt::9.21997pt::129.67035pt.
[217


]
l2hSize :tex2html_wrap_inline14224:9.5pt::9.5pt::94.61409pt.
[218


]
l2hSize :tex2html_wrap_inline14226:8.83333pt::8.83333pt::38.28847pt.
[219


]
l2hSize :tex2html_wrap_inline14228:8.83333pt::8.83333pt::38.28847pt.
[220


]
l2hSize :tex2html_wrap_inline14230:8.24811pt::8.24811pt::38.48303pt.
[221


]
l2hSize :tex2html_wrap_inline14232:8.24811pt::8.24811pt::38.48303pt.
[222


]
l2hSize :tex2html_wrap_inline14234:8.24811pt::8.24811pt::73.60754pt.
[223


]
l2hSize :tex2html_wrap_inline14236:8.24811pt::8.24811pt::67.7326pt.
[224


]
l2hSize :tex2html_wrap_inline14242:16.73062pt::16.73062pt::167.98102pt.
[225


]
l2hSize :tex2html_wrap_inline14244:10.38034pt::10.38034pt::114.61224pt.
[226


]
l2hSize :displaymath14246:289.28476pt::0.0pt::349.0pt.
[227


]
l2hSize :tex2html_wrap10771:3.4pt::3.4pt::349.0pt.
[228


]
l2hSize :displaymath14256:62.53049pt::0.0pt::349.0pt.
[229


]
l2hSize :tex2html_wrap_inline14258:8.2pt::0.0pt::37.24391pt.
[230


]
l2hSize :tex2html_wrap_inline14260:8.33331pt::0.0pt::27.26344pt.
[231


]
l2hSize :tex2html_wrap_inline14262:8.2pt::0.0pt::30.71785pt.
[232


]
l2hSize :tex2html_wrap_inline14264:8.2pt::0.0pt::31.79955pt.
[233


]
l2hSize :tex2html_wrap_inline14267:11.91476pt::11.91476pt::157.98557pt.
[234


]
l2hSize :tex2html_wrap_inline14271:9.60883pt::9.60883pt::59.95023pt.
[235


]
l2hSize :displaymath14273:89.4129pt::0.0pt::349.0pt.
[236


]
l2hSize :tex2html_wrap_indisplay14275:57.50055pt::57.50055pt::273.37839pt.
[237


]
l2hSize :tex2html_wrap_indisplay14277:21.85562pt::21.85562pt::199.10387pt.
[238


]
l2hSize :tex2html_wrap_indisplay14279:21.85562pt::21.85562pt::198.9093pt.
[239


]
l2hSize :tex2html_wrap_indisplay14281:21.85562pt::21.85562pt::282.57272pt.
[240


]
l2hSize :tex2html_wrap_inline14284:8.24811pt::8.24811pt::28.94472pt.
[241


]
l2hSize :tex2html_wrap_inline14286:12.68895pt::12.68895pt::87.66647pt.
[242


]
l2hSize :tex2html_wrap_inline14290:9.29916pt::9.29916pt::116.6835pt.
[243


]
l2hSize :tex2html_wrap_inline14292:12.68895pt::12.68895pt::167.45204pt.
[244


]
l2hSize :tex2html_wrap_inline14294:14.49461pt::14.49461pt::229.49414pt.
[245


]
l2hSize :tex2html_wrap_inline14296:8.83333pt::8.83333pt::28.95511pt.
[246


]
l2hSize :tex2html_wrap_inline14298:7.74811pt::0.0pt::28.95511pt.
[247


]
l2hSize :tex2html_wrap_inline14300:8.24811pt::8.24811pt::29.22943pt.
[248


]
l2hSize :tex2html_wrap_inline14302:9.5pt::9.5pt::43.01192pt.
[249


]
l2hSize :displaymath14306:120.33022pt::0.0pt::349.0pt.
[250


]
l2hSize :tex2html_wrap_inline14310:12.21997pt::12.21997pt::300.89656pt.
[251


]
l2hSize :tex2html_wrap_inline14312:7.74811pt::0.0pt::27.32455pt.
[252


]
l2hSize :tex2html_wrap_inline14314:10.38034pt::10.38034pt::70.24763pt.
[253


]
l2hSize :tex2html_wrap_inline14321:16.3145pt::16.3145pt::112.09274pt.
[254


]
l2hSize :tex2html_wrap_inline14327:16.3145pt::16.3145pt::215.8072pt.
[255


]
l2hSize :tex2html_wrap_inline14329:12.64531pt::12.64531pt::190.25836pt.
[256


]
l2hSize :tex2html_wrap_inline14331:8.83333pt::8.83333pt::38.28847pt.
[257


]
l2hSize :tex2html_wrap_inline14337:8.24811pt::8.24811pt::38.28847pt.
[258


]
l2hSize :tex2html_wrap_inline14339:8.24811pt::8.24811pt::38.56279pt.
[259


]
l2hSize :displaymath14343:117.67014pt::0.0pt::349.0pt.
[260


]
l2hSize :tex2html_wrap_inline14348:10.78033pt::10.78033pt::110.5604pt.
[261


]
l2hSize :tex2html_wrap_inline14350:10.38034pt::10.38034pt::72.5091pt.
[262


]
l2hSize :tex2html_wrap_indisplay14352:19.66278pt::19.66278pt::234.94597pt.
[263


]
l2hSize :displaymath14354:117.6671pt::0.0pt::349.0pt.
[264


]
l2hSize :tex2html_wrap_inline14356:9.5pt::9.5pt::43.44107pt.
[265


]
l2hSize :tex2html_wrap_inline14358:10.38034pt::10.38034pt::141.70692pt.
[266


]
l2hSize :tex2html_wrap_inline14360:9.51027pt::0.0pt::31.64546pt.
[267


]
l2hSize :tex2html_wrap_inline14362:11.5447pt::11.5447pt::129.30406pt.
[268


]
l2hSize :tex2html_wrap_inline14372:10.69144pt::10.69144pt::55.32306pt.
[269


]
l2hSize :tex2html_wrap_inline14374:10.78033pt::10.78033pt::638.87915pt.

Overfull \hbox (293.26352pt too wide) in paragraph at lines 2196--2197
[]|[] 
 []

[270


]
l2hSize :tex2html_wrap_inline14378:8.2pt::0.0pt::31.36897pt.
[271


]
l2hSize :tex2html_wrap_inline14380:8.33331pt::0.0pt::30.92036pt.
[272


]
l2hSize :tex2html_wrap_inline14382:8.2pt::0.0pt::30.98148pt.
[273


]
l2hSize :tex2html_wrap_inline14385:10.69144pt::10.69144pt::71.13889pt.
[274


]
l2hSize :tex2html_wrap_inline14387:8.2pt::0.0pt::53.04927pt.
[275


]
l2hSize :tex2html_wrap_inline14389:8.33331pt::0.0pt::52.60066pt.
[276


]
l2hSize :tex2html_wrap_inline14391:10.38034pt::10.38034pt::65.89998pt.
[277


]
l2hSize :displaymath14393:118.31277pt::0.0pt::349.0pt.
[278


]
l2hSize :tex2html_wrap_inline14395:10.8547pt::10.8547pt::106.78748pt.
[279


]
l2hSize :tex2html_wrap_inline14397:10.8547pt::10.8547pt::174.5624pt.
[280


]
l2hSize :tex2html_wrap_inline14399:9.5pt::9.5pt::40.10225pt.
[281


]
l2hSize :tex2html_wrap_inline14401:12.21997pt::12.21997pt::216.14302pt.
[282


]
l2hSize :tex2html_wrap_inline14404:10.01027pt::10.01027pt::116.88776pt.
[283


]
l2hSize :tex2html_wrap_inline14408:9.60883pt::9.60883pt::59.95023pt.
[284


]
l2hSize :tex2html_wrap_inline14410:14.04729pt::14.04729pt::301.44833pt.
[285


]
l2hSize :tex2html_wrap_indisplay14412:43.1004pt::43.1004pt::156.9367pt.
[286


]
l2hSize :tex2html_wrap_inline14414:18.25563pt::18.25563pt::196.9697pt.
[287


]
l2hSize :tex2html_wrap_inline14416:18.25563pt::18.25563pt::111.533pt.
[288


]
l2hSize :tex2html_wrap_indisplay14418:21.85562pt::21.85562pt::217.32387pt.
[289


]
l2hSize :tex2html_wrap_indisplay14423:46.70044pt::46.70044pt::182.84738pt.
[290


]
l2hSize :tex2html_wrap_inline14425:18.25563pt::18.25563pt::626.0954pt.

Overfull \hbox (280.47977pt too wide) in paragraph at lines 2354--2355
[]|[] 
 []

[291


]
l2hSize :tex2html_wrap_inline14427:10.97783pt::10.97783pt::313.5949pt.
[292


]
l2hSize :displaymath14430:117.34814pt::0.0pt::349.0pt.
[293


]
l2hSize :tex2html_wrap_indisplay14435:35.90033pt::35.90033pt::143.62285pt.
[294


]
l2hSize :tex2html_wrap_inline14437:18.25563pt::18.25563pt::81.98701pt.
[295


]
l2hSize :tex2html_wrap_inline14439:18.25563pt::18.25563pt::188.08228pt.
[296


]
l2hSize :tex2html_wrap_inline14441:8.33331pt::0.0pt::28.78152pt.
[297


]
l2hSize :tex2html_wrap_inline14443:18.25563pt::18.25563pt::96.74713pt.
[298


]
l2hSize :tex2html_wrap_inline14447:18.25563pt::18.25563pt::128.3772pt.
[299


]
l2hSize :tex2html_wrap_inline14449:8.33331pt::0.0pt::28.78152pt.
[300


]
l2hSize :tex2html_wrap_inline14451:18.25563pt::18.25563pt::109.83041pt.
[301


]
l2hSize :tex2html_wrap_inline14455:9.5pt::9.5pt::119.86823pt.
[302


]
l2hSize :tex2html_wrap_inline14457:8.7pt::8.7pt::34.24408pt.
[303


]
l2hSize :tex2html_wrap_indisplay14459:35.90033pt::35.90033pt::155.06834pt.
[304


]
l2hSize :tex2html_wrap_inline14461:16.54451pt::16.54451pt::109.17734pt.
[305


]
l2hSize :tex2html_wrap_inline14463:16.54451pt::16.54451pt::281.99757pt.
[306


]
l2hSize :tex2html_wrap_inline14465:16.54451pt::16.54451pt::546.12129pt.

Overfull \hbox (200.50566pt too wide) in paragraph at lines 2471--2472
[]|[] 
 []

[307


]
l2hSize :tex2html_wrap_inline14468:9.5pt::9.5pt::41.8397pt.
[308


]
l2hSize :tex2html_wrap_indisplay14470:11.89919pt::11.89919pt::152.01225pt.
[309


]
l2hSize :tex2html_wrap_inline14472:10.8547pt::10.8547pt::233.74915pt.
[310


]
l2hSize :tex2html_wrap_inline14474:7.74811pt::0.0pt::27.6176pt.
[311


]
l2hSize :tex2html_wrap_inline14476:10.78033pt::10.78033pt::255.82315pt.
[312


]
l2hSize :tex2html_wrap_inline14480:8.24811pt::8.24811pt::44.63582pt.
[313


]
l2hSize :tex2html_wrap_inline14482:8.83333pt::8.83333pt::27.6176pt.
[314


]
l2hSize :tex2html_wrap_inline14484:10.8547pt::10.8547pt::331.79568pt.
[315


]
l2hSize :tex2html_wrap_inline14488:8.24811pt::8.24811pt::27.32455pt.
[316


]
l2hSize :tex2html_wrap_inline14495:8.24811pt::8.24811pt::48.58012pt.
[317


]
l2hSize :tex2html_wrap_inline14497:10.78033pt::10.78033pt::401.25266pt.

Overfull \hbox (55.63702pt too wide) in paragraph at lines 2540--2541
[]|[] 
 []

[318


]
l2hSize :tex2html_wrap_inline14499:10.01027pt::10.01027pt::145.58049pt.
[319


]
l2hSize :tex2html_wrap_inline14501:8.83331pt::8.83331pt::38.11488pt.
[320


]
l2hSize :tex2html_wrap_inline14503:9.77534pt::9.77534pt::77.97717pt.
[321


]
l2hSize :tex2html_wrap_inline14505:8.24811pt::8.24811pt::26.5107pt.
[322


]
l2hSize :tex2html_wrap_inline14507:10.78033pt::10.78033pt::249.7924pt.
[323


]
l2hSize :tex2html_wrap_inline14509:9.81108pt::9.81108pt::81.03828pt.
[324


]
l2hSize :tex2html_wrap_inline14511:10.01027pt::10.01027pt::85.74274pt.
[325


]
l2hSize :tex2html_wrap_inline14513:9.29916pt::9.29916pt::57.57442pt.
[326


]
l2hSize :tex2html_wrap_inline14515:17.99998pt::17.99998pt::182.56686pt.
[327


]
l2hSize :tex2html_wrap_inline14518:17.99998pt::17.99998pt::185.17786pt.
[328


]
l2hSize :tex2html_wrap_inline14520:9.5pt::9.5pt::20.02608pt.
[329


]
l2hSize :tex2html_wrap_inline14522:7.74811pt::0.0pt::26.5107pt.
[330


]
l2hSize :tex2html_wrap_inline14527:9.77534pt::9.77534pt::127.55797pt.
[331


]
l2hSize :tex2html_wrap_inline14529:10.01027pt::10.01027pt::94.70428pt.
[332


]
l2hSize :displaymath14531:41.32402pt::0.0pt::349.0pt.
[333


]
l2hSize :tex2html_wrap_inline14533:9.5pt::9.5pt::56.59225pt.
[334


]
l2hSize :tex2html_wrap_inline14535:11.33109pt::11.33109pt::41.90253pt.
[335


]
l2hSize :tex2html_wrap_inline14537:11.33109pt::11.33109pt::39.94421pt.
[336


]
l2hSize :tex2html_wrap_inline14539:10.38034pt::10.38034pt::351.99614pt.

Overfull \hbox (6.38051pt too wide) in paragraph at lines 2667--2668
[]|[] 
 []

[337


]
l2hSize :tex2html_wrap_inline14541:10.16673pt::10.16673pt::244.67606pt.
[338


]
l2hSize :tex2html_wrap_inline14543:10.38034pt::10.38034pt::239.27083pt.
[339


]
l2hSize :tex2html_wrap_inline14545:9.5pt::9.5pt::40.07445pt.
[340


]
l2hSize :tex2html_wrap_inline14547:9.5pt::9.5pt::44.61467pt.
[341


]
l2hSize :tex2html_wrap_inline14549:9.77534pt::9.77534pt::81.18338pt.
[342


]
l2hSize :tex2html_wrap_inline14551:8.24811pt::8.24811pt::29.14673pt.
[343


]
l2hSize :tex2html_wrap_inline14553:7.74811pt::0.0pt::5.64426pt.
[344


]
l2hSize :tex2html_wrap_inline14555:9.77534pt::9.77534pt::78.54314pt.
[345


]
l2hSize :tex2html_wrap_inline14558:10.01027pt::10.01027pt::125.32782pt.
[346


]
l2hSize :tex2html_wrap_inline14560:10.01027pt::10.01027pt::129.92532pt.
[347


]
l2hSize :displaymath14562:41.32402pt::0.0pt::349.0pt.
[348


]
l2hSize :tex2html_wrap_inline14570:10.16673pt::10.16673pt::300.22064pt.
[349


]
l2hSize :tex2html_wrap_inline14572:11.33109pt::11.33109pt::395.16322pt.

Overfull \hbox (49.54759pt too wide) in paragraph at lines 2751--2752
[]|[] 
 []

[350


]
l2hSize :tex2html_wrap_inline14574:9.5pt::9.5pt::56.75359pt.
[351


]
l2hSize :tex2html_wrap_inline14576:12.46552pt::12.46552pt::56.1213pt.
[352


]
l2hSize :tex2html_wrap_inline14582:12.46552pt::12.46552pt::118.09717pt.
[353


]
l2hSize :tex2html_wrap_inline14584:9.5pt::9.5pt::43.44107pt.
[354


]
l2hSize :tex2html_wrap_inline14586:11.91476pt::11.91476pt::175.2903pt.
[355


]
l2hSize :tex2html_wrap_inline14588:12.46552pt::12.46552pt::128.2486pt.
[356


]
l2hSize :tex2html_wrap_inline14595:9.5pt::9.5pt::44.32996pt.
[357


]
l2hSize :tex2html_wrap_inline14597:9.5pt::9.5pt::22.64966pt.
[358


]
l2hSize :tex2html_wrap_inline14599:10.78033pt::10.78033pt::113.56427pt.
[359


]
l2hSize :tex2html_wrap_inline14601:9.5pt::9.5pt::73.25748pt.
[360


]
l2hSize :tex2html_wrap_inline14603:9.5pt::9.5pt::83.2561pt.
[361


]
l2hSize :tex2html_wrap_inline14605:10.78033pt::10.78033pt::69.38722pt.
[362


]
l2hSize :tex2html_wrap_inline14608:10.01027pt::10.01027pt::87.39769pt.
[363


]
l2hSize :tex2html_wrap_inline14610:9.5pt::9.5pt::78.4748pt.
[364


]
l2hSize :displaymath14612:41.32402pt::0.0pt::349.0pt.
[365


]
l2hSize :tex2html_wrap_inline14614:9.5pt::9.5pt::80.5164pt.
[366


]
l2hSize :tex2html_wrap_inline14616:9.5pt::9.5pt::68.1971pt.
[367


]
l2hSize :tex2html_wrap_inline14618:9.5pt::9.5pt::95.55936pt.
[368


]
l2hSize :tex2html_wrap_indisplay14620:16.9514pt::16.9514pt::167.42325pt.
[369


]
l2hSize :tex2html_wrap_inline14628:10.16673pt::10.16673pt::241.9991pt.
[370


]
l2hSize :tex2html_wrap_inline14630:11.33109pt::11.33109pt::349.78265pt.

Overfull \hbox (4.16702pt too wide) in paragraph at lines 2882--2883
[]|[] 
 []

[371


]
l2hSize :tex2html_wrap_inline14632:9.5pt::9.5pt::52.4771pt.
[372


]
l2hSize :tex2html_wrap_inline14634:12.46552pt::12.46552pt::53.19164pt.
[373


]
l2hSize :tex2html_wrap_inline14636:8.83331pt::8.83331pt::30.6037pt.
[374


]
l2hSize :tex2html_wrap_inline14640:12.46552pt::12.46552pt::96.33305pt.
[375


]
l2hSize :tex2html_wrap_inline14645:10.01027pt::10.01027pt::111.77328pt.
[376


]
l2hSize :tex2html_wrap_inline14647:10.01027pt::10.01027pt::109.53026pt.
[377


]
l2hSize :displaymath14649:41.32402pt::0.0pt::349.0pt.
[378


]
l2hSize :tex2html_wrap_inline14651:10.78033pt::10.78033pt::53.58186pt.
[379


]
l2hSize :tex2html_wrap_inline14653:9.21997pt::9.21997pt::7.77216pt.
[380


]
l2hSize :tex2html_wrap_indisplay14655:16.9514pt::16.9514pt::163.82657pt.
[381


]
l2hSize :tex2html_wrap_inline14657:10.01027pt::10.01027pt::105.09625pt.
[382


]
l2hSize :tex2html_wrap_inline14659:10.01027pt::10.01027pt::115.68991pt.
[383


]
l2hSize :displaymath14661:41.32402pt::0.0pt::349.0pt.
[384


]
l2hSize :tex2html_wrap_inline14663:10.78033pt::10.78033pt::47.70692pt.
[385


]
l2hSize :tex2html_wrap_inline14665:9.5pt::9.5pt::59.02628pt.
[386


]
l2hSize :tex2html_wrap_inline14667:11.33109pt::11.33109pt::41.90253pt.
[387


]
l2hSize :tex2html_wrap_inline14671:10.16673pt::10.16673pt::278.18442pt.
[388


]
l2hSize :tex2html_wrap_inline14673:11.33109pt::11.33109pt::369.27315pt.

Overfull \hbox (23.65752pt too wide) in paragraph at lines 2999--3000
[]|[] 
 []

[389


]
l2hSize :tex2html_wrap_inline14675:9.5pt::9.5pt::47.13551pt.
[390


]
l2hSize :tex2html_wrap_inline14677:9.5pt::9.5pt::44.96886pt.
[391


]
l2hSize :tex2html_wrap_inline14685:10.01027pt::10.01027pt::81.72015pt.
[392


]
l2hSize :tex2html_wrap_inline14688:9.5pt::9.5pt::84.29779pt.
[393


]
l2hSize :tex2html_wrap_inline14690:10.01027pt::10.01027pt::97.17285pt.
[394


]
l2hSize :displaymath14692:41.32402pt::0.0pt::349.0pt.
[395


]
l2hSize :tex2html_wrap_inline14694:17.90013pt::17.90013pt::82.92537pt.
[396


]
l2hSize :tex2html_wrap_inline14698:17.90013pt::17.90013pt::81.808pt.
[397


]
l2hSize :tex2html_wrap_inline14702:17.90013pt::17.90013pt::118.64467pt.
[398


]
l2hSize :tex2html_wrap_inline14706:17.90013pt::17.90013pt::150.67186pt.
[399


]
l2hSize :tex2html_wrap_inline14710:11.2992pt::11.2992pt::80.07813pt.
[400


]
l2hSize :tex2html_wrap_inline14712:13.23297pt::13.23297pt::213.85367pt.
[401


]
l2hSize :tex2html_wrap_indisplay14714:16.9514pt::16.9514pt::177.37195pt.
[402


]
l2hSize :tex2html_wrap_inline14716:10.01027pt::10.01027pt::95.65906pt.
[403


]
l2hSize :tex2html_wrap_inline14718:10.01027pt::10.01027pt::121.30498pt.
[404


]
l2hSize :displaymath14720:41.32402pt::0.0pt::349.0pt.
[405


]
l2hSize :tex2html_wrap_inline14728:10.16673pt::10.16673pt::246.75806pt.
[406


]
l2hSize :tex2html_wrap_inline14730:11.33109pt::11.33109pt::326.32658pt.
[407


]
l2hSize :tex2html_wrap_inline14732:10.01027pt::10.01027pt::68.11485pt.
[408


]
l2hSize :tex2html_wrap_inline14734:9.5pt::9.5pt::56.36455pt.
[409


]
l2hSize :tex2html_wrap_inline14740:10.01027pt::10.01027pt::91.72395pt.
[410


]
l2hSize :tex2html_wrap_inline14748:8.24811pt::8.24811pt::41.87871pt.
[411


]
l2hSize :tex2html_wrap_inline14750:7.74811pt::0.0pt::29.2815pt.
[412


]
l2hSize :tex2html_wrap_inline14752:9.5pt::9.5pt::99.82237pt.
[413


]
l2hSize :tex2html_wrap_indisplay14762:16.9514pt::16.9514pt::124.91354pt.
[414


]
l2hSize :tex2html_wrap_inline14764:10.01027pt::10.01027pt::67.6799pt.
[415


]
l2hSize :tex2html_wrap_inline14766:10.01027pt::10.01027pt::92.51294pt.
[416


]
l2hSize :displaymath14768:41.32402pt::0.0pt::349.0pt.
[417


]
l2hSize :tex2html_wrap_inline14770:8.76666pt::8.76666pt::45.80928pt.
[418


]
l2hSize :tex2html_wrap_inline14772:9.5pt::9.5pt::76.83224pt.
[419


]
l2hSize :tex2html_wrap_inline14774:7.74811pt::0.0pt::7.27481pt.
[420


]
l2hSize :tex2html_wrap_indisplay14776:16.9514pt::16.9514pt::174.67523pt.
[421


]
l2hSize :tex2html_wrap_indisplay14778:16.9514pt::16.9514pt::212.72343pt.
[422


]
l2hSize :tex2html_wrap_inline14780:10.01027pt::10.01027pt::93.62685pt.
[423


]
l2hSize :tex2html_wrap_inline14782:10.01027pt::10.01027pt::154.37589pt.
[424


]
l2hSize :displaymath14784:41.32402pt::0.0pt::349.0pt.
[425


]
l2hSize :tex2html_wrap_inline14786:7.74811pt::0.0pt::29.2815pt.
[426


]
l2hSize :tex2html_wrap_inline14788:7.74811pt::0.0pt::32.54535pt.
[427


]
l2hSize :tex2html_wrap_inline14790:8.24811pt::8.24811pt::52.89233pt.
[428


]
l2hSize :tex2html_wrap_inline14797:11.38145pt::11.38145pt::31.93855pt.
[429


]
l2hSize :tex2html_wrap_inline14799:11.38145pt::11.38145pt::71.4153pt.
[430


]
l2hSize :tex2html_wrap_inline14801:13.37035pt::13.37035pt::613.54486pt.

Overfull \hbox (267.92923pt too wide) in paragraph at lines 3277--3278
[]|[] 
 []

[431


]
l2hSize :tex2html_wrap_inline14803:7.74811pt::0.0pt::6.58038pt.
[432


]
l2hSize :tex2html_wrap_indisplay14806:17.90013pt::17.90013pt::126.47362pt.
[433


]
l2hSize :tex2html_wrap_inline14808:10.38034pt::10.38034pt::51.367pt.
[434


]
l2hSize :tex2html_wrap_inline14810:10.38034pt::10.38034pt::62.53716pt.
[435


]
l2hSize :tex2html_wrap_inline14812:7.74811pt::0.0pt::29.2815pt.
[436


]
l2hSize :tex2html_wrap_inline14816:8.83333pt::8.83333pt::28.42734pt.
[437


]
l2hSize :tex2html_wrap_inline14818:10.01027pt::10.01027pt::18.1083pt.
[438


]
l2hSize :tex2html_wrap_indisplay14820:17.90013pt::17.90013pt::148.69615pt.
[439


]
l2hSize :tex2html_wrap_inline14822:10.01027pt::10.01027pt::82.64047pt.
[440


]
l2hSize :tex2html_wrap_inline14824:10.38034pt::10.38034pt::252.86581pt.
[441


]
l2hSize :tex2html_wrap_indisplay14826:17.90013pt::17.90013pt::127.57506pt.
[442


]
l2hSize :tex2html_wrap_indisplay14828:16.35141pt::16.35141pt::72.0354pt.
[443


]
l2hSize :tex2html_wrap_inline14830:9.5pt::9.5pt::56.53265pt.
[444


]
l2hSize :tex2html_wrap_indisplay14832:11.89919pt::11.89919pt::209.7592pt.
[445


]
l2hSize :displaymath14834:68.84999pt::0.0pt::349.0pt.
[446


]
l2hSize :tex2html_wrap_inline14836:11.91476pt::11.91476pt::181.60811pt.
[447


]
l2hSize :tex2html_wrap_inline14841:8.24811pt::8.24811pt::33.84882pt.
[448


]
l2hSize :tex2html_wrap_inline14843:8.83333pt::8.83333pt::33.65425pt.
[449


]
l2hSize :tex2html_wrap_inline14845:10.38034pt::10.38034pt::39.22797pt.
[450


]
l2hSize :tex2html_wrap_inline14847:10.38034pt::10.38034pt::39.25108pt.
[451


]
l2hSize :tex2html_wrap_indisplay14849:16.35141pt::16.35141pt::191.05142pt.
[452


]
l2hSize :tex2html_wrap_inline14851:8.24811pt::8.24811pt::33.68016pt.
[453


]
l2hSize :tex2html_wrap_indisplay14853:9.5pt::9.5pt::153.55609pt.
[454


]
l2hSize :tex2html_wrap_indisplay14855:8.83331pt::8.83331pt::100.0239pt.
[455


]
l2hSize :tex2html_wrap_inline14857:8.83333pt::8.83333pt::34.09314pt.
[456


]
l2hSize :tex2html_wrap_indisplay14859:16.9514pt::16.9514pt::101.93639pt.
[457


]
l2hSize :tex2html_wrap_inline14862:8.83331pt::8.83331pt::74.67961pt.
[458


]
l2hSize :displaymath14864:171.48326pt::0.0pt::349.0pt.
[459


]
l2hSize :tex2html_wrap_inline14866:8.24811pt::8.24811pt::23.78316pt.
[460


]
l2hSize :tex2html_wrap_indisplay14868:8.83331pt::8.83331pt::220.9873pt.
[461


]
l2hSize :tex2html_wrap_indisplay14870:9.5pt::9.5pt::228.08154pt.
[462


]
l2hSize :tex2html_wrap_inline14876:7.74811pt::0.0pt::29.13928pt.
[463


]
l2hSize :tex2html_wrap_inline14880:10.70006pt::10.70006pt::126.23643pt.
[464


]
l2hSize :tex2html_wrap_indisplay14882:17.90013pt::17.90013pt::119.90678pt.
[465


]
l2hSize :tex2html_wrap_inline14884:10.38034pt::10.38034pt::71.18965pt.
[466


]
l2hSize :tex2html_wrap_indisplay14886:15.10982pt::15.10982pt::251.96997pt.
[467


]
l2hSize :tex2html_wrap_inline14888:11.5447pt::11.5447pt::207.98146pt.
[468


]
l2hSize :tex2html_wrap_inline14890:14.3001pt::14.3001pt::122.52487pt.
[469


]
l2hSize :tex2html_wrap_inline14892:11.5447pt::11.5447pt::104.88629pt.
[470


]
l2hSize :tex2html_wrap_inline14894:10.38034pt::10.38034pt::81.02448pt.
[471


]
l2hSize :tex2html_wrap_inline14934:10.78033pt::10.78033pt::40.95245pt.
[472


]
l2hSize :tex2html_wrap_inline14936:11.91476pt::11.91476pt::209.18323pt.
[473


]
l2hSize :tex2html_wrap_inline14938:10.78033pt::10.78033pt::83.8087pt.
[474


]
l2hSize :tex2html_wrap_inline14940:7.74811pt::0.0pt::28.45525pt.
[475


]
l2hSize :tex2html_wrap_inline14942:10.78033pt::10.78033pt::86.52287pt.
[476


]
l2hSize :tex2html_wrap_inline14946:8.83333pt::8.83333pt::28.26068pt.
[477


]
l2hSize :tex2html_wrap_inline14948:11.91476pt::11.91476pt::78.29172pt.
[478


]
l2hSize :displaymath14950:102.01118pt::0.0pt::349.0pt.
[479


]
l2hSize :displaymath14952:89.47624pt::0.0pt::349.0pt.
[480


]
l2hSize :tex2html_wrap_inline14967:10.01027pt::10.01027pt::86.39851pt.
[481


]
l2hSize :tex2html_wrap_inline14969:10.01027pt::10.01027pt::142.335pt.
[482


]
l2hSize :tex2html_wrap_inline14971:10.01027pt::10.01027pt::369.23485pt.

Overfull \hbox (23.61922pt too wide) in paragraph at lines 3630--3631
[]|[] 
 []

[483


]
l2hSize :tex2html_wrap_inline14973:10.01027pt::10.01027pt::94.42633pt.
[484


]
l2hSize :tex2html_wrap_inline14975:10.01027pt::10.01027pt::151.66837pt.
[485


]
l2hSize :tex2html_wrap_inline14977:10.01027pt::10.01027pt::378.37364pt.

Overfull \hbox (32.75801pt too wide) in paragraph at lines 3649--3650
[]|[] 
 []

[486


]
l2hSize :tex2html_wrap_inline14981:8.83331pt::8.83331pt::68.86179pt.
[487


]
l2hSize :tex2html_wrap_inline14983:9.5pt::9.5pt::98.88925pt.
[488


]
l2hSize :tex2html_wrap_inline14985:11.72003pt::11.72003pt::148.83075pt.
[489


]
l2hSize :tex2html_wrap_inline14987:8.83331pt::8.83331pt::76.98654pt.
[490


]
l2hSize :tex2html_wrap_inline14989:8.83331pt::8.83331pt::76.98654pt.
[491


]
l2hSize :tex2html_wrap_inline14991:8.33331pt::0.0pt::49.23679pt.
[492


]
l2hSize :displaymath14998:124.8992pt::0.0pt::349.0pt.
[493


]
l2hSize :tex2html_wrap_inline15000:9.5pt::9.5pt::85.36722pt.
[494


]
l2hSize :tex2html_wrap_inline15002:9.5pt::9.5pt::156.05383pt.
[495


]
l2hSize :tex2html_wrap_inline15004:8.24811pt::8.24811pt::6.48456pt.
[496


]
l2hSize :tex2html_wrap_inline15006:8.24811pt::8.24811pt::6.22762pt.
[497


]
l2hSize :tex2html_wrap_inline15008:9.5pt::9.5pt::23.54266pt.
[498


]
l2hSize :tex2html_wrap_inline15010:9.5pt::9.5pt::62.055pt.
[499


]
l2hSize :tex2html_wrap_inline15018:10.38034pt::10.38034pt::102.28877pt.
[500


]
l2hSize :tex2html_wrap_inline15022:10.01027pt::10.01027pt::55.15083pt.
[501


]
l2hSize :tex2html_wrap_inline15024:9.5pt::9.5pt::22.30038pt.
[502


]
l2hSize :tex2html_wrap_inline15033:8.7pt::8.7pt::11.83186pt.
[503


]
l2hSize :tex2html_wrap_inline15035:12.88147pt::12.88147pt::262.82393pt.
[504


]
l2hSize :tex2html_wrap_inline15043:9.29916pt::9.29916pt::89.1448pt.
[505


]
l2hSize :displaymath15045:120.37396pt::0.0pt::349.0pt.
[506


]
l2hSize :tex2html_wrap_inline15048:10.58986pt::10.58986pt::179.19131pt.
[507


]
l2hSize :displaymath15050:58.55688pt::0.0pt::349.0pt.
[508


]
l2hSize :displaymath15052:194.8093pt::0.0pt::349.0pt.
[509


]
l2hSize :tex2html_wrap_inline15054:9.5pt::9.5pt::36.14781pt.
[510


]
l2hSize :tex2html_wrap_inline15058:8.7pt::8.7pt::11.86057pt.
[511


]
l2hSize :displaymath15060:191.39755pt::0.0pt::349.0pt.
[512


]
Overfull \hbox (15.22287pt too wide) detected at line 3855
[]
 []

l2hSize :displaymath15066:319.99966pt::0.0pt::349.0pt.
[513


]
l2hSize :tex2html_wrap_inline15069:10.01027pt::10.01027pt::191.11053pt.
[514


]
l2hSize :tex2html_wrap_inline15071:8.83333pt::8.83333pt::27.32455pt.
[515


]
l2hSize :tex2html_wrap_inline15073:8.7pt::8.7pt::106.50163pt.
[516


]
l2hSize :tex2html_wrap_inline15076:9.5pt::9.5pt::23.81285pt.
[517


]
l2hSize :tex2html_wrap_inline15078:9.5pt::9.5pt::22.79688pt.
[518


]
l2hSize :tex2html_wrap_inline15080:8.24811pt::8.24811pt::34.03156pt.
[519


]
l2hSize :tex2html_wrap_inline15086:8.76666pt::8.76666pt::31.47058pt.
[520


]
l2hSize :tex2html_wrap_inline15088:9.5pt::9.5pt::69.37762pt.
[521


]
l2hSize :tex2html_wrap_inline15090:17.99998pt::17.99998pt::315.64963pt.
[522


]
l2hSize :displaymath15098:80.20468pt::0.0pt::349.0pt.
[523


]
l2hSize :tex2html_wrap_inline15100:8.83333pt::8.83333pt::31.24121pt.
[524


]
l2hSize :tex2html_wrap_inline15102:10.41026pt::10.41026pt::91.44746pt.
[525


]
l2hSize :tex2html_wrap_inline15108:8.83331pt::8.83331pt::31.24121pt.
[526


]
l2hSize :tex2html_wrap_inline15110:10.41026pt::10.41026pt::91.44746pt.
[527


]
l2hSize :displaymath15116:79.99992pt::0.0pt::349.0pt.
[528


]
l2hSize :tex2html_wrap_inline15122:8.83333pt::8.83333pt::26.5107pt.
[529


]
l2hSize :tex2html_wrap_inline15139:9.5pt::9.5pt::47.20232pt.
[530


]
l2hSize :tex2html_wrap_inline15141:9.5pt::9.5pt::95.29509pt.
[531


]
l2hSize :tex2html_wrap_inline15143:17.99998pt::17.99998pt::290.54016pt.
[532


]
l2hSize :tex2html_wrap_inline15156:9.5pt::9.5pt::95.29509pt.
[533


]
l2hSize :tex2html_wrap_inline15158:17.99998pt::17.99998pt::290.54016pt.
[534


]
l2hSize :tex2html_wrap_inline15171:9.5pt::9.5pt::96.87831pt.
[535


]
l2hSize :tex2html_wrap_inline15173:17.99998pt::17.99998pt::302.81516pt.
[536


]
l2hSize :tex2html_wrap_inline15175:10.78033pt::10.78033pt::192.88225pt.
[537


]
l2hSize :tex2html_wrap_inline15181:9.5pt::9.5pt::88.48535pt.
[538


]
l2hSize :tex2html_wrap_inline15183:9.5pt::9.5pt::46.29672pt.
[539


]
l2hSize :tex2html_wrap_inline15185:9.5pt::9.5pt::46.03978pt.
[540


]
l2hSize :tex2html_wrap_inline15193:8.24811pt::8.24811pt::29.62883pt.
[541


]
l2hSize :tex2html_wrap_inline15195:17.99998pt::17.99998pt::205.8376pt.
[542


]
l2hSize :tex2html_wrap_inline15197:17.99998pt::17.99998pt::94.85081pt.
[543


]
l2hSize :tex2html_wrap_inline15206:8.83331pt::8.83331pt::18.32819pt.
[544


]
l2hSize :tex2html_wrap_inline15208:8.33331pt::0.0pt::7.35121pt.
[545


]
l2hSize :tex2html_wrap_indisplay15210:25.24998pt::25.24998pt::304.36945pt.
[546


]
Overfull \hbox (47.58282pt too wide) detected at line 4108
[]
 []

l2hSize :displaymath15212:522.99945pt::0.0pt::349.0pt.
[547


]
l2hSize :displaymath15214:262.13011pt::0.0pt::349.0pt.
[548


]
l2hSize :tex2html_wrap_inline15216:9.29916pt::9.29916pt::60.14938pt.
[549


]
l2hSize :tex2html_wrap_inline15218:10.7992pt::0.0pt::73.00917pt.
[550


]
l2hSize :tex2html_wrap_inline15227:8.24811pt::8.24811pt::9.58046pt.
[551


]
l2hSize :tex2html_wrap_inline15229:8.24811pt::8.24811pt::9.58046pt.
[552


]
l2hSize :tex2html_wrap_inline15233:8.24811pt::8.24811pt::37.35106pt.
[553


]
l2hSize :tex2html_wrap_inline15235:9.5pt::9.5pt::50.87871pt.
[554


]
l2hSize :tex2html_wrap_inline15237:9.5pt::9.5pt::50.87871pt.
[555


]
l2hSize :tex2html_wrap_inline15245:12.21997pt::12.21997pt::56.28018pt.
[556


]
l2hSize :tex2html_wrap_inline15247:8.24811pt::8.24811pt::6.64427pt.
[557


]
l2hSize :tex2html_wrap_inline15249:9.5pt::9.5pt::30.36507pt.
[558


]
l2hSize :tex2html_wrap_inline15251:9.5pt::9.5pt::30.36507pt.
[559


]
l2hSize :tex2html_wrap_inline15253:9.5pt::9.5pt::64.77025pt.
[560


]
l2hSize :tex2html_wrap_inline15255:9.5pt::9.5pt::46.75523pt.
[561


]
l2hSize :tex2html_wrap_inline15257:9.5pt::9.5pt::45.32579pt.
[562


]
l2hSize :tex2html_wrap_inline15259:12.21997pt::12.21997pt::211.36084pt.
[563


]
l2hSize :tex2html_wrap_inline15266:8.24811pt::8.24811pt::9.58046pt.
[564


]
l2hSize :tex2html_wrap_inline15272:8.24811pt::8.24811pt::9.58046pt.
[565


]
l2hSize :tex2html_wrap_inline15287:9.5pt::9.5pt::62.22847pt.
[566


]
l2hSize :tex2html_wrap_inline15289:9.5pt::9.5pt::60.92293pt.
[567


]
l2hSize :tex2html_wrap_inline15291:9.29916pt::9.29916pt::54.17015pt.
[568


]
l2hSize :tex2html_wrap_inline15295:8.83331pt::8.83331pt::56.28554pt.
[569


]
l2hSize :tex2html_wrap_inline15297:8.83331pt::8.83331pt::29.76782pt.
[570


]
l2hSize :tex2html_wrap_inline15301:8.33331pt::0.0pt::34.24538pt.
[571


]
l2hSize :tex2html_wrap_inline15305:10.58986pt::10.58986pt::59.29143pt.
[572


]
l2hSize :tex2html_wrap_inline15307:10.05815pt::10.05815pt::68.26378pt.
[573


]
l2hSize :tex2html_wrap_inline15314:7.74811pt::0.0pt::22.56215pt.
[574


]
l2hSize :tex2html_wrap_inline15316:8.66922pt::8.66922pt::32.95393pt.
[575


]
l2hSize :tex2html_wrap_inline15318:10.38034pt::10.38034pt::37.204pt.
[576


]
l2hSize :tex2html_wrap_inline15322:8.33331pt::0.0pt::29.08986pt.
[577


]
l2hSize :tex2html_wrap_inline15324:9.5pt::9.5pt::115.90842pt.
[578


]
l2hSize :tex2html_wrap_inline15332:9.5pt::9.5pt::45.94138pt.
[579


]
l2hSize :tex2html_wrap_inline15334:8.83333pt::8.83333pt::50.77016pt.
[580


]
l2hSize :tex2html_wrap_inline15352:17.99998pt::17.99998pt::405.5871pt.

Overfull \hbox (59.97147pt too wide) in paragraph at lines 4327--4328
[]|[] 
 []

[581


]
l2hSize :tex2html_wrap_inline15354:9.5pt::9.5pt::117.74203pt.
[582


]
l2hSize :tex2html_wrap_inline15358:9.5pt::9.5pt::148.2501pt.
[583


]
l2hSize :tex2html_wrap_inline15360:9.5pt::9.5pt::120.54759pt.
[584


]
l2hSize :tex2html_wrap_inline15364:9.5pt::9.5pt::151.05566pt.
[585


]
l2hSize :tex2html_wrap_inline15366:9.5pt::9.5pt::143.2805pt.
[586


]
l2hSize :tex2html_wrap_inline15371:9.29916pt::9.29916pt::58.48965pt.
[587


]
l2hSize :tex2html_wrap_inline15373:9.29916pt::9.29916pt::60.79521pt.
[588


]
l2hSize :tex2html_wrap_inline15375:9.29916pt::9.29916pt::11.06654pt.
[589


]
l2hSize :tex2html_wrap_inline15379:9.29916pt::9.29916pt::11.06654pt.
[590


]
l2hSize :tex2html_wrap_inline15381:9.5pt::9.5pt::332.40442pt.
[591


]
l2hSize :tex2html_wrap_inline15383:8.24811pt::8.24811pt::36.65791pt.
[592


]
l2hSize :tex2html_wrap_inline15385:9.5pt::9.5pt::323.07106pt.
[593


]
l2hSize :tex2html_wrap_inline15387:8.33331pt::0.0pt::28.37318pt.
[594


]
l2hSize :tex2html_wrap_inline15390:10.78033pt::10.78033pt::302.86841pt.
[595


]
l2hSize :tex2html_wrap_inline15392:10.01027pt::10.01027pt::69.68544pt.
[596


]
l2hSize :tex2html_wrap_inline15394:8.76666pt::8.76666pt::28.97752pt.
[597


]
l2hSize :tex2html_wrap_inline15400:10.01027pt::10.01027pt::123.29622pt.
[598


]
l2hSize :tex2html_wrap_inline15404:11.48889pt::11.48889pt::189.34982pt.
[599


]
l2hSize :tex2html_wrap_inline15406:10.01027pt::10.01027pt::58.55916pt.
[600


]
l2hSize :tex2html_wrap_inline15413:9.5pt::9.5pt::124.18887pt.
[601


]
l2hSize :tex2html_wrap_inline15415:9.5pt::9.5pt::79.26297pt.
[602


]
l2hSize :tex2html_wrap_inline15417:9.5pt::9.5pt::457.06268pt.

Overfull \hbox (111.44705pt too wide) in paragraph at lines 4468--4469
[]|[] 
 []

[603


]
l2hSize :tex2html_wrap_inline15420:9.5pt::9.5pt::69.12852pt.
[604


]
l2hSize :tex2html_wrap_inline15422:9.5pt::9.5pt::81.26744pt.
[605


]
l2hSize :tex2html_wrap_inline15424:9.5pt::9.5pt::75.03125pt.
[606


]
l2hSize :tex2html_wrap_inline15426:9.5pt::9.5pt::178.39142pt.
[607


]
l2hSize :tex2html_wrap_inline15428:9.5pt::9.5pt::20.12885pt.
[608


]
l2hSize :tex2html_wrap_inline15430:9.5pt::9.5pt::379.7929pt.

Overfull \hbox (34.17726pt too wide) in paragraph at lines 4505--4506
[]|[] 
 []

[609


]
l2hSize :tex2html_wrap_inline15432:9.5pt::9.5pt::76.81445pt.
[610


]
l2hSize :tex2html_wrap_inline15438:10.01027pt::10.01027pt::103.30997pt.
[611


]
l2hSize :tex2html_wrap_inline15440:12.64531pt::12.64531pt::171.1187pt.
[612


]
l2hSize :tex2html_wrap_inline15442:10.01027pt::10.01027pt::159.42921pt.
[613


]
l2hSize :tex2html_wrap_inline15444:7.74811pt::0.0pt::28.43709pt.
[614


]
l2hSize :tex2html_wrap_inline15446:10.1434pt::10.1434pt::105.51657pt.
[615


]
l2hSize :tex2html_wrap_inline15448:7.86708pt::0.0pt::10.47073pt.
[616


]
l2hSize :tex2html_wrap_inline15450:10.1434pt::10.1434pt::70.0pt.
[617


]
l2hSize :tex2html_wrap_inline15452:10.1434pt::10.1434pt::79.88335pt.
[618


]
l2hSize :tex2html_wrap_inline15454:10.1434pt::10.1434pt::85.9712pt.
[619


]
l2hSize :tex2html_wrap_inline15456:10.1434pt::10.1434pt::469.49356pt.

Overfull \hbox (123.87793pt too wide) in paragraph at lines 4578--4579
[]|[] 
 []

[620


]
l2hSize :tex2html_wrap_inline15458:10.51347pt::10.51347pt::179.84128pt.
[621


]
l2hSize :displaymath15460:39.85002pt::0.0pt::349.0pt.
[622


]
l2hSize :tex2html_wrap_indisplay15462:16.35141pt::16.35141pt::290.08058pt.
[623


]
l2hSize :tex2html_wrap_inline15464:8.24811pt::8.24811pt::10.39432pt.
[624


]
l2hSize :tex2html_wrap_inline15466:8.24811pt::8.24811pt::10.39432pt.
[625


]
l2hSize :tex2html_wrap_inline15468:10.38034pt::10.38034pt::385.52806pt.

Overfull \hbox (39.91243pt too wide) in paragraph at lines 4621--4622
[]|[] 
 []

[626


]
l2hSize :tex2html_wrap_indisplay15470:17.90013pt::17.90013pt::309.02098pt.
[627


]
l2hSize :displaymath15472:83.40009pt::0.0pt::349.0pt.
[628


]
l2hSize :tex2html_wrap_inline15474:10.70006pt::10.70006pt::250.64317pt.
[629


]
l2hSize :tex2html_wrap_inline15476:10.38034pt::10.38034pt::50.68321pt.
[630


]
l2hSize :tex2html_wrap_indisplay15478:17.90013pt::17.90013pt::328.57222pt.
[631


]
l2hSize :tex2html_wrap_inline15481:10.01027pt::10.01027pt::97.6296pt.
[632


]
l2hSize :tex2html_wrap_inline15483:12.64531pt::12.64531pt::135.00775pt.
[633


]
l2hSize :tex2html_wrap_inline15485:10.8547pt::10.8547pt::137.4678pt.
[634


]
l2hSize :tex2html_wrap_inline15487:9.51027pt::0.0pt::19.72766pt.
[635


]
l2hSize :tex2html_wrap_inline15489:7.74811pt::0.0pt::6.46233pt.
[636


]
l2hSize :tex2html_wrap_inline15491:10.01027pt::10.01027pt::80.48785pt.
[637


]
l2hSize :tex2html_wrap_inline15493:10.01027pt::10.01027pt::200.75241pt.
[638


]
l2hSize :tex2html_wrap_inline15495:10.01027pt::10.01027pt::242.75098pt.
[639


]
l2hSize :tex2html_wrap_inline15497:10.01027pt::10.01027pt::622.04324pt.

Overfull \hbox (276.42761pt too wide) in paragraph at lines 4718--4719
[]|[] 
 []

[640


]
l2hSize :tex2html_wrap_inline15499:8.7pt::8.7pt::35.82599pt.
[641


]
l2hSize :tex2html_wrap_inline15501:10.01027pt::10.01027pt::63.6657pt.
[642


]
l2hSize :tex2html_wrap_indisplay15503:11.4547pt::11.4547pt::178.58699pt.
[643


]
l2hSize :tex2html_wrap_inline15509:10.01027pt::10.01027pt::260.27744pt.
[644


]
l2hSize :tex2html_wrap_inline15511:10.01027pt::10.01027pt::103.51472pt.
[645


]
l2hSize :tex2html_wrap_inline15513:10.8547pt::10.8547pt::229.36583pt.
[646


]
l2hSize :tex2html_wrap_inline15515:10.01027pt::10.01027pt::729.85077pt.

Overfull \hbox (384.23514pt too wide) in paragraph at lines 4763--4764
[]|[] 
 []

[647


]
l2hSize :tex2html_wrap_inline15517:10.01027pt::10.01027pt::126.34804pt.
[648


]
l2hSize :tex2html_wrap_inline15519:10.01027pt::10.01027pt::336.51874pt.
[649


]
l2hSize :tex2html_wrap_indisplay15521:11.4547pt::11.4547pt::328.77542pt.
[650


]
l2hSize :tex2html_wrap_inline15524:9.77534pt::9.77534pt::79.96799pt.
[651


]
l2hSize :tex2html_wrap_inline15526:9.5pt::9.5pt::76.51862pt.
[652


]
l2hSize :tex2html_wrap_inline15528:10.01027pt::10.01027pt::169.99886pt.
[653


]
l2hSize :tex2html_wrap_inline15530:9.51027pt::0.0pt::13.85272pt.
[654


]
l2hSize :tex2html_wrap_inline15532:9.51027pt::0.0pt::13.85272pt.
[655


]
l2hSize :tex2html_wrap_inline15534:10.01027pt::10.01027pt::154.91096pt.
[656


]
l2hSize :tex2html_wrap_inline15536:9.5pt::9.5pt::80.78387pt.
[657


]
l2hSize :tex2html_wrap_inline15538:9.5pt::9.5pt::41.09042pt.
[658


]
l2hSize :tex2html_wrap_inline15540:9.5pt::9.5pt::50.15778pt.
[659


]
l2hSize :tex2html_wrap_inline15542:9.29916pt::9.29916pt::75.7993pt.
[660


]
l2hSize :tex2html_wrap_inline15546:9.77534pt::9.77534pt::97.75044pt.
[661


]
l2hSize :tex2html_wrap_inline15552:10.01027pt::10.01027pt::76.8562pt.
[662


]
l2hSize :tex2html_wrap_inline15554:12.64531pt::12.64531pt::86.84319pt.
[663


]
l2hSize :tex2html_wrap_inline15556:10.01027pt::10.01027pt::282.47723pt.
[664


]
l2hSize :tex2html_wrap_inline15558:7.79915pt::0.0pt::16.89024pt.
[665


]
l2hSize :tex2html_wrap_inline15560:7.74811pt::0.0pt::8.33452pt.
[666


]
l2hSize :tex2html_wrap_inline15562:9.5pt::9.5pt::72.57759pt.
[667


]
l2hSize :tex2html_wrap_inline15564:9.5pt::9.5pt::80.32472pt.
[668


]
l2hSize :tex2html_wrap_inline15566:10.01027pt::10.01027pt::85.83769pt.
[669


]
l2hSize :tex2html_wrap_inline15568:10.01027pt::10.01027pt::271.61499pt.
[670


]
l2hSize :tex2html_wrap_inline15570:10.38034pt::10.38034pt::118.61734pt.
[671


]
l2hSize :tex2html_wrap_inline15572:10.38034pt::10.38034pt::75.40825pt.
[672


]
l2hSize :tex2html_wrap_indisplay15574:16.35141pt::16.35141pt::194.27124pt.
[673


]
l2hSize :tex2html_wrap_inline15580:10.38034pt::10.38034pt::310.77147pt.
[674


]
l2hSize :tex2html_wrap_indisplay15582:16.35141pt::16.35141pt::205.431pt.
[675


]
l2hSize :tex2html_wrap_inline15584:10.38034pt::10.38034pt::195.42572pt.
[676


]
l2hSize :tex2html_wrap_inline15586:10.38034pt::10.38034pt::253.15228pt.
[677


]
l2hSize :tex2html_wrap_inline15588:10.38034pt::10.38034pt::51.922pt.
[678


]
l2hSize :tex2html_wrap_indisplay15590:16.35141pt::16.35141pt::225.72955pt.
[679


]
l2hSize :tex2html_wrap_inline15597:9.5pt::9.5pt::149.02042pt.
[680


]
l2hSize :tex2html_wrap_inline15599:7.74811pt::0.0pt::6.20886pt.
[681


]
l2hSize :tex2html_wrap_inline15601:8.33331pt::0.0pt::6.3894pt.
[682


]
l2hSize :tex2html_wrap_inline15603:9.5pt::9.5pt::109.15097pt.
[683


]
l2hSize :tex2html_wrap_inline15605:7.74811pt::0.0pt::29.76135pt.
[684


]
l2hSize :tex2html_wrap_inline15607:8.83331pt::8.83331pt::29.76288pt.
[685


]
l2hSize :tex2html_wrap_indisplay15609:14.3001pt::14.3001pt::163.72816pt.
[686


]
l2hSize :tex2html_wrap_inline15611:7.79915pt::0.0pt::13.99199pt.
[687


]
l2hSize :tex2html_wrap_inline15615:8.7pt::8.7pt::27.5503pt.
[688


]
l2hSize :tex2html_wrap_inline15617:10.01027pt::10.01027pt::259.363pt.
[689


]
l2hSize :tex2html_wrap_inline15619:10.38034pt::10.38034pt::46.34001pt.
[690


]
l2hSize :tex2html_wrap_inline15621:10.38034pt::10.38034pt::77.10223pt.
[691


]
l2hSize :tex2html_wrap_indisplay15623:16.35141pt::16.35141pt::214.00487pt.
[692


]
l2hSize :tex2html_wrap_inline15626:9.5pt::9.5pt::719.42033pt.

Overfull \hbox (373.8047pt too wide) in paragraph at lines 5055--5056
[]|[] 
 []

[693


]
l2hSize :tex2html_wrap_inline15628:8.83331pt::8.83331pt::38.05698pt.
[694


]
l2hSize :tex2html_wrap_inline15630:9.5pt::9.5pt::180.48232pt.
[695


]
l2hSize :tex2html_wrap_inline15632:8.83331pt::8.83331pt::49.39493pt.
[696


]
l2hSize :tex2html_wrap_inline15634:8.24811pt::8.24811pt::11.92534pt.
[697


]
l2hSize :tex2html_wrap_indisplay15636:34.42433pt::34.42433pt::246.51674pt.
[698


]
l2hSize :tex2html_wrap_inline15638:18.25563pt::18.25563pt::95.77956pt.
[699


]
l2hSize :tex2html_wrap_inline15640:18.25563pt::18.25563pt::269.60304pt.
[700


]
l2hSize :tex2html_wrap_indisplay15642:21.85562pt::21.85562pt::146.17575pt.
[701


]
l2hSize :tex2html_wrap_inline15649:10.01027pt::10.01027pt::77.57565pt.
[702


]
l2hSize :tex2html_wrap_inline15651:8.33331pt::0.0pt::29.12178pt.
[703


]
l2hSize :tex2html_wrap_inline15653:8.33331pt::0.0pt::29.41483pt.
[704


]
l2hSize :tex2html_wrap_inline15655:9.5pt::9.5pt::85.26555pt.
[705


]
l2hSize :tex2html_wrap_inline15657:7.79915pt::0.0pt::21.70776pt.
[706


]
l2hSize :tex2html_wrap_inline15659:7.74811pt::0.0pt::6.75537pt.
[707


]
l2hSize :tex2html_wrap_inline15661:9.5pt::9.5pt::87.336pt.
[708


]
l2hSize :tex2html_wrap_inline15663:9.5pt::9.5pt::214.58087pt.
[709


]
l2hSize :tex2html_wrap_inline15665:9.5pt::9.5pt::283.6805pt.
[710


]
l2hSize :tex2html_wrap_inline15667:9.5pt::9.5pt::499.83543pt.

Overfull \hbox (154.2198pt too wide) in paragraph at lines 5173--5174
[]|[] 
 []

[711


]
l2hSize :tex2html_wrap_inline15669:10.38034pt::10.38034pt::36.86592pt.
[712


]
l2hSize :tex2html_wrap_inline15671:10.38034pt::10.38034pt::71.55377pt.
[713


]
l2hSize :tex2html_wrap_indisplay15673:16.35141pt::16.35141pt::135.92592pt.
[714


]
l2hSize :tex2html_wrap_inline15679:10.38034pt::10.38034pt::208.50339pt.
[715


]
l2hSize :tex2html_wrap_inline15681:8.24811pt::8.24811pt::56.8412pt.
[716


]
l2hSize :tex2html_wrap_inline15683:10.38034pt::10.38034pt::151.29594pt.
[717


]
l2hSize :tex2html_wrap_inline15685:10.38034pt::10.38034pt::227.7636pt.
[718


]
l2hSize :tex2html_wrap_inline15687:8.24811pt::8.24811pt::32.07462pt.
[719


]
l2hSize :tex2html_wrap_inline15689:8.24811pt::8.24811pt::32.36766pt.
[720


]
l2hSize :tex2html_wrap_indisplay15691:16.35141pt::16.35141pt::92.76256pt.
[721


]
l2hSize :tex2html_wrap_inline15694:10.01027pt::10.01027pt::75.27705pt.
[722


]
l2hSize :tex2html_wrap_inline15696:12.64531pt::12.64531pt::84.20662pt.
[723


]
l2hSize :tex2html_wrap_inline15704:9.5pt::9.5pt::107.57182pt.
[724


]
l2hSize :tex2html_wrap_inline15706:7.74811pt::0.0pt::28.1822pt.
[725


]
l2hSize :tex2html_wrap_indisplay15710:14.3001pt::14.3001pt::162.14902pt.
[726


]
l2hSize :tex2html_wrap_inline15712:8.66922pt::8.66922pt::29.73918pt.
[727


]
l2hSize :tex2html_wrap_inline15716:8.7pt::8.7pt::97.0086pt.
[728


]
l2hSize :tex2html_wrap_inline15718:12.21997pt::12.21997pt::834.273pt.

Overfull \hbox (488.65736pt too wide) in paragraph at lines 5286--5287
[]|[] 
 []

[729


]
l2hSize :tex2html_wrap_inline15720:10.01027pt::10.01027pt::71.67432pt.
[730


]
l2hSize :tex2html_wrap_inline15722:10.01027pt::10.01027pt::72.39793pt.
[731


]
l2hSize :tex2html_wrap_inline15724:8.83333pt::8.83333pt::28.43567pt.
[732


]
l2hSize :tex2html_wrap_inline15726:8.2pt::0.0pt::31.07593pt.
[733


]
l2hSize :tex2html_wrap_inline15728:10.38034pt::10.38034pt::47.86736pt.
[734


]
l2hSize :tex2html_wrap_inline15730:10.38034pt::10.38034pt::53.6819pt.
[735


]
l2hSize :tex2html_wrap_indisplay15732:16.35141pt::16.35141pt::248.68027pt.
[736


]
l2hSize :tex2html_wrap_inline15735:8.7pt::8.7pt::111.03622pt.
[737


]
l2hSize :displaymath15738:92.78972pt::0.0pt::349.0pt.
[738


]
l2hSize :tex2html_wrap_inline15744:11.91476pt::11.91476pt::218.04167pt.
[739


]
l2hSize :tex2html_wrap_inline15746:18.93994pt::18.93994pt::195.21703pt.
[740


]
l2hSize :tex2html_wrap_inline15748:10.01027pt::10.01027pt::75.94788pt.
[741


]
l2hSize :tex2html_wrap_inline15760:7.74811pt::0.0pt::29.14967pt.
[742


]
l2hSize :tex2html_wrap_inline15766:8.24811pt::8.24811pt::58.39925pt.
[743


]
l2hSize :displaymath15770:380.21103pt::0.0pt::349.0pt.
[744


]
l2hSize :tex2html_wrap_inline15780:10.01027pt::10.01027pt::118.02542pt.
[745


]
l2hSize :tex2html_wrap_inline15782:8.33331pt::0.0pt::29.12178pt.
[746


]
l2hSize :tex2html_wrap_inline15784:10.01027pt::10.01027pt::209.53148pt.
[747


]
l2hSize :tex2html_wrap_inline15786:10.01027pt::10.01027pt::142.21303pt.
[748


]
l2hSize :tex2html_wrap_inline15788:10.01027pt::10.01027pt::197.49266pt.
[749


]
l2hSize :tex2html_wrap_inline15790:8.7pt::8.7pt::38.72337pt.
[750


]
l2hSize :tex2html_wrap_inline15795:10.01027pt::10.01027pt::97.43503pt.
[751


]
l2hSize :tex2html_wrap_inline15797:12.57997pt::12.57997pt::135.16513pt.
[752


]
l2hSize :tex2html_wrap_inline15799:9.68808pt::9.68808pt::152.44662pt.
[753


]
l2hSize :tex2html_wrap_inline15801:8.24811pt::8.24811pt::37.76903pt.
[754


]
l2hSize :tex2html_wrap_inline15803:8.33331pt::0.0pt::27.26344pt.
[755


]
l2hSize :tex2html_wrap_inline15805:8.83331pt::8.83331pt::36.5968pt.
[756


]
l2hSize :tex2html_wrap_inline15807:9.18808pt::0.0pt::106.79321pt.
[757


]
l2hSize :tex2html_wrap_inline15809:9.68808pt::9.68808pt::162.1981pt.
[758


]
l2hSize :tex2html_wrap_inline15811:8.2pt::0.0pt::9.39563pt.
[759


]
l2hSize :tex2html_wrap_inline15813:8.2pt::0.0pt::10.11925pt.
[760


]
l2hSize :tex2html_wrap_inline15815:9.5pt::9.5pt::163.41626pt.
[761


]
l2hSize :tex2html_wrap_inline15822:10.01027pt::10.01027pt::99.30458pt.
[762


]
l2hSize :tex2html_wrap_inline15824:12.64531pt::12.64531pt::42.62857pt.
[763


]
l2hSize :tex2html_wrap_inline15826:7.74811pt::0.0pt::29.81761pt.
[764


]
l2hSize :tex2html_wrap_inline15828:9.5pt::9.5pt::22.47745pt.
[765


]
l2hSize :tex2html_wrap_inline15830:8.66922pt::8.66922pt::30.12701pt.
[766


]
l2hSize :tex2html_wrap_inline15832:9.5pt::9.5pt::168.07445pt.
[767


]
l2hSize :tex2html_wrap_inline15834:10.01027pt::10.01027pt::103.30783pt.
[768


]
l2hSize :tex2html_wrap_inline15840:8.24811pt::8.24811pt::39.15097pt.
[769


]
l2hSize :tex2html_wrap_inline15844:8.66922pt::8.66922pt::39.46037pt.
[770


]
l2hSize :tex2html_wrap_inline15846:9.5pt::9.5pt::129.83609pt.
[771


]
l2hSize :tex2html_wrap_inline15848:10.01027pt::10.01027pt::103.30783pt.
[772


]
l2hSize :tex2html_wrap_inline15854:10.01027pt::10.01027pt::34.56767pt.
[773


]
l2hSize :tex2html_wrap_inline15858:8.83331pt::8.83331pt::30.42615pt.
[774


]
l2hSize :tex2html_wrap_inline15860:9.5pt::9.5pt::147.02045pt.
[775


]
l2hSize :tex2html_wrap_inline15866:9.5pt::9.5pt::91.54396pt.
[776


]
l2hSize :tex2html_wrap_inline15872:10.01027pt::10.01027pt::34.56767pt.
[777


]
l2hSize :tex2html_wrap_inline15876:8.83331pt::8.83331pt::12.19154pt.
[778


]
l2hSize :tex2html_wrap_inline15878:8.83331pt::8.83331pt::12.19154pt.
[779


]
l2hSize :tex2html_wrap_inline15880:8.83331pt::8.83331pt::87.83629pt.
[780


]
l2hSize :tex2html_wrap_inline15892:12.21997pt::12.21997pt::136.60114pt.
[781


]
l2hSize :tex2html_wrap_inline15894:9.5pt::9.5pt::53.41829pt.
[782


]
l2hSize :tex2html_wrap_inline15896:12.21997pt::12.21997pt::411.37306pt.

Overfull \hbox (65.75743pt too wide) in paragraph at lines 5644--5645
[]|[] 
 []

[783


]
l2hSize :tex2html_wrap_indisplay15900:19.41728pt::19.41728pt::272.88086pt.
[784


]
l2hSize :displaymath15902:219.64029pt::0.0pt::349.0pt.
[785


]
l2hSize :tex2html_wrap_inline15904:10.63142pt::10.63142pt::94.40985pt.
[786


]
l2hSize :tex2html_wrap_inline15906:9.5pt::9.5pt::164.28506pt.
[787


]
l2hSize :tex2html_wrap_indisplay15908:17.61809pt::17.61809pt::143.74956pt.
[788


]
l2hSize :displaymath15910:252.57486pt::0.0pt::349.0pt.
[789


]
l2hSize :displaymath15912:125.57547pt::0.0pt::349.0pt.
[790


]
l2hSize :displaymath15914:124.341pt::0.0pt::349.0pt.
[791


]
l2hSize :tex2html_wrap_inline15916:10.63142pt::10.63142pt::282.3768pt.
[792


]
l2hSize :tex2html_wrap_inline15918:10.63142pt::10.63142pt::126.28949pt.
[793


]
l2hSize :tex2html_wrap_inline15921:10.01027pt::10.01027pt::154.71945pt.
[794


]
l2hSize :tex2html_wrap_inline15923:9.5pt::9.5pt::100.59229pt.
[795


]
l2hSize :displaymath15929:210.49979pt::0.0pt::349.0pt.
[796


]
l2hSize :displaymath15931:209.63629pt::0.0pt::349.0pt.
[797


]
l2hSize :displaymath15933:120.67188pt::0.0pt::349.0pt.
[798


]
l2hSize :tex2html_wrap_inline15935:9.5pt::9.5pt::361.86986pt.

Overfull \hbox (16.25423pt too wide) in paragraph at lines 5789--5790
[]|[] 
 []

[799


]
l2hSize :tex2html_wrap_inline15937:9.5pt::9.5pt::296.84377pt.
[800


]
l2hSize :tex2html_wrap_inline15940:9.5pt::9.5pt::49.36476pt.
[801


]
l2hSize :tex2html_wrap_inline15942:10.38034pt::10.38034pt::167.36006pt.
[802


]
l2hSize :displaymath15948:209.58882pt::0.0pt::349.0pt.
[803


]
l2hSize :tex2html_wrap_inline15950:10.38034pt::10.38034pt::86.31593pt.
[804


]
l2hSize :displaymath15956:137.99986pt::0.0pt::349.0pt.
[805


]
l2hSize :displaymath15958:213.53304pt::0.0pt::349.0pt.
[806


]
l2hSize :displaymath15960:154.95975pt::0.0pt::349.0pt.
[807


]
l2hSize :tex2html_wrap_inline15962:10.70006pt::10.70006pt::417.38603pt.

Overfull \hbox (71.7704pt too wide) in paragraph at lines 5872--5873
[]|[] 
 []

[808


]
l2hSize :tex2html_wrap_inline15964:10.70006pt::10.70006pt::338.27815pt.
[809


]
l2hSize :tex2html_wrap_inline15971:10.38034pt::10.38034pt::118.1441pt.
[810


]
l2hSize :tex2html_wrap_inline15975:10.70006pt::10.70006pt::398.73434pt.

Overfull \hbox (53.11871pt too wide) in paragraph at lines 5891--5892
[]|[] 
 []

[811


]
l2hSize :displaymath15982:184.60469pt::0.0pt::349.0pt.
[812


]
l2hSize :tex2html_wrap_inline15984:10.01027pt::10.01027pt::105.34235pt.
[813


]
l2hSize :displaymath15990:210.49979pt::0.0pt::349.0pt.
[814


]
l2hSize :displaymath15992:174.97278pt::0.0pt::349.0pt.
[815


]
l2hSize :displaymath15994:128.63799pt::0.0pt::349.0pt.
[816


]
l2hSize :tex2html_wrap_inline15996:8.2pt::0.0pt::9.82552pt.
[817


]
l2hSize :tex2html_wrap_inline15998:10.38034pt::10.38034pt::16.40276pt.
[818


]
l2hSize :tex2html_wrap_inline16000:10.4445pt::10.4445pt::300.07689pt.
[819


]
l2hSize :tex2html_wrap_inline16002:10.70006pt::10.70006pt::548.01363pt.

Overfull \hbox (202.398pt too wide) in paragraph at lines 5975--5976
[]|[] 
 []

[820


]
l2hSize :displaymath16004:54.35pt::0.0pt::349.0pt.
[821


]
l2hSize :tex2html_wrap_inline16006:10.38034pt::10.38034pt::139.82782pt.
[822


]
l2hSize :tex2html_wrap_inline16008:10.38034pt::10.38034pt::76.40652pt.
[823


]
l2hSize :tex2html_wrap_inline16011:9.5pt::9.5pt::167.76834pt.
[824


]
l2hSize :tex2html_wrap_inline16013:8.83333pt::8.83333pt::128.1004pt.
[825


]
l2hSize :tex2html_wrap_inline16015:9.5pt::9.5pt::48.56267pt.
[826


]
l2hSize :tex2html_wrap_inline16017:9.29916pt::9.29916pt::155.81497pt.
[827


]
l2hSize :displaymath16023:204.53413pt::0.0pt::349.0pt.
[828


]
l2hSize :tex2html_wrap_inline16025:9.5pt::9.5pt::97.55734pt.
[829


]
l2hSize :displaymath16031:108.9999pt::0.0pt::349.0pt.
[830


]
l2hSize :displaymath16033:201.13791pt::0.0pt::349.0pt.
[831


]
l2hSize :displaymath16035:85.13803pt::0.0pt::349.0pt.
[832


]
l2hSize :tex2html_wrap_inline16037:9.5pt::9.5pt::451.34085pt.

Overfull \hbox (105.72522pt too wide) in paragraph at lines 6083--6084
[]|[] 
 []

[833


]
l2hSize :tex2html_wrap_inline16039:9.5pt::9.5pt::192.21838pt.
[834


]
l2hSize :tex2html_wrap_inline16046:9.77534pt::9.77534pt::127.87094pt.
[835


]
l2hSize :tex2html_wrap_inline16048:9.5pt::9.5pt::57.73541pt.
[836


]
l2hSize :displaymath16050:41.32402pt::0.0pt::349.0pt.
[837


]
l2hSize :tex2html_wrap_inline16052:10.78033pt::10.78033pt::47.70692pt.
[838


]
l2hSize :tex2html_wrap_inline16054:9.77534pt::9.77534pt::46.62012pt.
[839


]
l2hSize :tex2html_wrap_indisplay16056:16.9514pt::16.9514pt::187.58284pt.
[840


]
l2hSize :tex2html_wrap_inline16058:10.8547pt::10.8547pt::144.21521pt.
[841


]
l2hSize :tex2html_wrap_inline16060:9.77534pt::9.77534pt::97.8932pt.
[842


]
l2hSize :displaymath16062:41.32402pt::0.0pt::349.0pt.
[843


]
l2hSize :tex2html_wrap_inline16064:10.78033pt::10.78033pt::110.88843pt.
[844


]
l2hSize :tex2html_wrap_inline16066:9.77534pt::9.77534pt::42.10524pt.
[845


]
l2hSize :tex2html_wrap_inline16074:10.16673pt::10.16673pt::283.88362pt.
[846


]
l2hSize :tex2html_wrap_inline16076:11.33109pt::11.33109pt::328.17485pt.
[847


]
l2hSize :tex2html_wrap_inline16088:9.77534pt::9.77534pt::101.36287pt.
[848


]
l2hSize :tex2html_wrap_inline16090:9.77534pt::9.77534pt::84.58835pt.
[849


]
l2hSize :tex2html_wrap_inline16092:8.2pt::0.0pt::9.85562pt.
[850


]
l2hSize :tex2html_wrap_inline16098:9.5pt::9.5pt::44.78278pt.
[851


]
l2hSize :tex2html_wrap_inline16100:9.5pt::9.5pt::44.52583pt.
[852


]
l2hSize :tex2html_wrap_inline16102:7.74811pt::0.0pt::29.2815pt.
[853


]
l2hSize :tex2html_wrap_inline16104:9.5pt::9.5pt::100.97583pt.
[854


]
l2hSize :tex2html_wrap_inline16110:10.01027pt::10.01027pt::18.1083pt.
[855


]
l2hSize :tex2html_wrap_indisplay16112:10.61026pt::10.61026pt::95.73982pt.
[856


]
l2hSize :tex2html_wrap_inline16114:10.01027pt::10.01027pt::115.96675pt.
[857


]
l2hSize :tex2html_wrap_inline16116:10.01027pt::10.01027pt::246.21576pt.
[858


]
l2hSize :tex2html_wrap_indisplay16118:9.89915pt::9.89915pt::68.34377pt.
[859


]
l2hSize :tex2html_wrap_indisplay16120:9.89915pt::9.89915pt::68.53833pt.
[860


]
l2hSize :tex2html_wrap_inline16122:9.5pt::9.5pt::54.11613pt.
[861


]
l2hSize :tex2html_wrap_indisplay16124:12.14468pt::12.14468pt::181.02661pt.
[862


]
l2hSize :displaymath16126:68.4843pt::0.0pt::349.0pt.
[863


]
l2hSize :tex2html_wrap_inline16128:10.38034pt::10.38034pt::140.27527pt.
[864


]
l2hSize :tex2html_wrap_indisplay16131:16.35141pt::16.35141pt::111.92209pt.
[865


]
l2hSize :tex2html_wrap_inline16137:7.79915pt::0.0pt::12.92189pt.
[866


]
l2hSize :tex2html_wrap_inline16139:9.5pt::9.5pt::55.02223pt.
[867


]
l2hSize :tex2html_wrap_inline16141:10.38034pt::10.38034pt::656.67325pt.

Overfull \hbox (311.05762pt too wide) in paragraph at lines 6315--6316
[]|[] 
 []

[868


]
l2hSize :tex2html_wrap_inline16145:8.24811pt::8.24811pt::38.61485pt.
[869


]
l2hSize :displaymath16155:137.99986pt::0.0pt::349.0pt.
[870


]
l2hSize :displaymath16157:122.61879pt::0.0pt::349.0pt.
[871


]
l2hSize :displaymath16159:122.61879pt::0.0pt::349.0pt.
[872


]
l2hSize :tex2html_wrap_inline16161:10.38034pt::10.38034pt::361.14894pt.

Overfull \hbox (15.53331pt too wide) in paragraph at lines 6361--6362
[]|[] 
 []

[873


]
l2hSize :tex2html_wrap_inline16163:10.38034pt::10.38034pt::158.98735pt.
[874


]
l2hSize :tex2html_wrap_inline16165:10.38034pt::10.38034pt::132.88591pt.
[875


]
l2hSize :tex2html_wrap_inline16170:9.77534pt::9.77534pt::35.2492pt.
[876


]
l2hSize :tex2html_wrap_inline16172:10.01027pt::10.01027pt::542.57967pt.

Overfull \hbox (196.96404pt too wide) in paragraph at lines 6387--6388
[]|[] 
 []

[877


]
l2hSize :tex2html_wrap_inline16174:16.69994pt::16.69994pt::405.71968pt.

Overfull \hbox (60.10405pt too wide) in paragraph at lines 6395--6396
[]|[] 
 []

[878


]
l2hSize :tex2html_wrap_inline16176:7.74811pt::0.0pt::27.32455pt.
[879


]
l2hSize :tex2html_wrap_inline16178:10.38034pt::10.38034pt::28.09967pt.
[880


]
l2hSize :tex2html_wrap_inline16184:10.01027pt::10.01027pt::49.19954pt.
[881


]
l2hSize :tex2html_wrap_indisplay16187:19.41728pt::19.41728pt::257.28018pt.
[882


]
l2hSize :tex2html_wrap_indisplay16189:16.35141pt::16.35141pt::133.8391pt.
[883


]
l2hSize :displaymath16191:267.5235pt::0.0pt::349.0pt.
[884


]
l2hSize :tex2html_wrap_inline16193:10.01027pt::10.01027pt::125.3232pt.
[885


]
l2hSize :tex2html_wrap_inline16195:9.5pt::9.5pt::152.11496pt.
[886


]
l2hSize :tex2html_wrap_indisplay16197:17.61809pt::17.61809pt::136.4475pt.
[887


]
l2hSize :displaymath16199:137.99986pt::0.0pt::349.0pt.
[888


]
l2hSize :displaymath16201:148.54904pt::0.0pt::349.0pt.
[889


]
l2hSize :displaymath16203:116.02425pt::0.0pt::349.0pt.
[890


]
l2hSize :tex2html_wrap_inline16205:14.3001pt::14.3001pt::516.74358pt.

Overfull \hbox (171.12794pt too wide) in paragraph at lines 6503--6504
[]|[] 
 []

[891


]
l2hSize :tex2html_wrap_inline16207:14.3001pt::14.3001pt::202.16272pt.
[892


]
l2hSize :tex2html_wrap_inline16209:11.91476pt::11.91476pt::160.26265pt.
[893


]
l2hSize :tex2html_wrap_inline16215:8.24811pt::8.24811pt::11.06654pt.
[894


]
l2hSize :displaymath16217:83.34998pt::0.0pt::349.0pt.
[895


]
l2hSize :displaymath16219:91.34996pt::0.0pt::349.0pt.
[896


]
l2hSize :tex2html_wrap_inline16223:9.5pt::9.5pt::26.88237pt.
[897


]
l2hSize :tex2html_wrap_inline16225:9.5pt::9.5pt::48.56267pt.
[898


]
l2hSize :tex2html_wrap_indisplay16227:17.41725pt::17.41725pt::221.2383pt.
[899


]
l2hSize :tex2html_wrap_indisplay16229:18.12836pt::18.12836pt::272.3226pt.
[900


]
l2hSize :tex2html_wrap_inline16231:8.79916pt::0.0pt::9.50398pt.
[901


]
l2hSize :tex2html_wrap_inline16236:9.21997pt::9.21997pt::48.11911pt.
[902


]
l2hSize :tex2html_wrap_inline16238:8.24811pt::8.24811pt::17.17758pt.
[903


]
l2hSize :tex2html_wrap_inline16242:15.57788pt::15.57788pt::28.49437pt.
[904


]
l2hSize :tex2html_wrap_inline16247:10.38034pt::10.38034pt::203.38402pt.
[905


]
l2hSize :tex2html_wrap_inline16251:10.01027pt::10.01027pt::54.11482pt.
[906


]
l2hSize :tex2html_wrap_inline16253:10.38034pt::10.38034pt::219.56117pt.
[907


]
l2hSize :tex2html_wrap_inline16257:9.5pt::9.5pt::135.31883pt.
[908


]
l2hSize :tex2html_wrap_indisplay16261:18.12836pt::18.12836pt::272.3226pt.
[909


]
l2hSize :displaymath16263:90.79462pt::0.0pt::349.0pt.
[910


]
l2hSize :tex2html_wrap_inline16265:15.57788pt::15.57788pt::127.16107pt.
[911


]
l2hSize :tex2html_wrap_indisplay16267:19.41728pt::19.41728pt::270.54068pt.
[912


]
l2hSize :displaymath16269:208.95547pt::0.0pt::349.0pt.
[913


]
l2hSize :tex2html_wrap_inline16271:10.38034pt::10.38034pt::93.23949pt.
[914


]
l2hSize :tex2html_wrap_inline16273:11.91476pt::11.91476pt::95.30284pt.
[915


]
l2hSize :tex2html_wrap_inline16275:11.91476pt::11.91476pt::108.28195pt.
[916


]
l2hSize :tex2html_wrap_inline16283:10.38034pt::10.38034pt::122.022pt.
[917


]
l2hSize :tex2html_wrap_inline16295:10.41026pt::10.41026pt::50.50366pt.
[918


]
l2hSize :tex2html_wrap_inline16297:10.41026pt::10.41026pt::542.39836pt.

Overfull \hbox (196.78273pt too wide) in paragraph at lines 6713--6714
[]|[] 
 []

[919


]
l2hSize :tex2html_wrap_inline16301:8.83331pt::8.83331pt::33.4231pt.
[920


]
l2hSize :tex2html_wrap_inline16305:10.01027pt::10.01027pt::110.51411pt.
[921


]
l2hSize :tex2html_wrap_inline16307:10.01027pt::10.01027pt::129.83755pt.
[922


]
l2hSize :tex2html_wrap_inline16310:9.5pt::9.5pt::25.78577pt.
[923


]
l2hSize :tex2html_wrap_inline16312:16.69994pt::16.69994pt::109.64688pt.
[924


]
l2hSize :tex2html_wrap_inline16314:16.69994pt::16.69994pt::109.64688pt.
[925


]
l2hSize :tex2html_wrap_inline16316:10.41026pt::10.41026pt::58.98978pt.
[926


]
l2hSize :tex2html_wrap_inline16318:10.41026pt::10.41026pt::58.98978pt.
[927


]
l2hSize :tex2html_wrap_inline16320:10.41026pt::10.41026pt::105.05823pt.
[928


]
l2hSize :tex2html_wrap_inline16325:10.38034pt::10.38034pt::41.02298pt.
[929


]
l2hSize :tex2html_wrap_inline16327:12.16896pt::12.16896pt::65.75839pt.
[930


]
l2hSize :tex2html_wrap_indisplay16329:19.41728pt::19.41728pt::269.617pt.
[931


]
l2hSize :tex2html_wrap_indisplay16331:16.9514pt::16.9514pt::103.77538pt.
[932


]
l2hSize :displaymath16333:181.96439pt::0.0pt::349.0pt.
[933


]
l2hSize :tex2html_wrap_inline16335:12.16896pt::12.16896pt::241.63326pt.
[934


]
l2hSize :tex2html_wrap_inline16338:9.91026pt::0.0pt::16.88943pt.
[935


]
l2hSize :tex2html_wrap_inline16340:9.91026pt::0.0pt::16.88943pt.
[936


]
l2hSize :displaymath16342:84.95425pt::0.0pt::349.0pt.
[937


]
l2hSize :displaymath16344:99.659pt::0.0pt::349.0pt.
[938


]
l2hSize :tex2html_wrap_inline16346:12.21478pt::12.21478pt::180.23482pt.
[939


]
l2hSize :tex2html_wrap_inline16348:12.21478pt::12.21478pt::178.92928pt.
[940


]
l2hSize :displaymath16350:54.60487pt::0.0pt::349.0pt.
[941


]
l2hSize :tex2html_wrap_inline16353:10.01027pt::10.01027pt::107.65598pt.
[942


]
l2hSize :tex2html_wrap_inline16355:10.01027pt::10.01027pt::158.02777pt.
[943


]
l2hSize :tex2html_wrap_inline16357:12.16896pt::12.16896pt::216.05782pt.
[944


]
l2hSize :tex2html_wrap_inline16359:10.01027pt::10.01027pt::101.78104pt.
[945


]
l2hSize :tex2html_wrap_inline16361:10.01027pt::10.01027pt::100.93791pt.
[946


]
l2hSize :tex2html_wrap_inline16363:12.57997pt::12.57997pt::72.14867pt.
[947


]
l2hSize :tex2html_wrap_inline16365:10.70006pt::10.70006pt::343.73781pt.
[948


]
l2hSize :tex2html_wrap_inline16372:9.77534pt::9.77534pt::60.08127pt.
[949


]
l2hSize :tex2html_wrap_inline16374:9.77534pt::9.77534pt::74.70766pt.
[950


]
l2hSize :tex2html_wrap_inline16376:10.01027pt::10.01027pt::260.61064pt.
[951


]
l2hSize :tex2html_wrap_inline16378:9.77534pt::9.77534pt::81.31886pt.
[952


]
l2hSize :tex2html_wrap_inline16380:12.87662pt::12.87662pt::243.16815pt.
[953


]
l2hSize :tex2html_wrap_inline16384:10.01027pt::10.01027pt::160.96786pt.
[954


]
l2hSize :tex2html_wrap_inline16386:8.24811pt::8.24811pt::26.5107pt.
[955


]
l2hSize :tex2html_wrap_inline16390:9.27534pt::0.0pt::9.60266pt.
[956


]
l2hSize :displaymath16392:85.07668pt::0.0pt::349.0pt.
[957


]
l2hSize :tex2html_wrap_inline16395:9.5pt::9.5pt::133.4403pt.
[958


]
l2hSize :tex2html_wrap_inline16397:10.01027pt::10.01027pt::186.50383pt.
[959


]
l2hSize :tex2html_wrap_inline16399:10.01027pt::10.01027pt::92.13406pt.
[960


]
l2hSize :tex2html_wrap_inline16401:9.5pt::9.5pt::85.84326pt.
[961


]
l2hSize :tex2html_wrap_inline16403:9.5pt::9.5pt::364.97816pt.

Overfull \hbox (19.36253pt too wide) in paragraph at lines 7018--7019
[]|[] 
 []

[962


]
l2hSize :tex2html_wrap_inline16405:8.7pt::8.7pt::35.82599pt.
[963


]
l2hSize :tex2html_wrap_inline16407:9.5pt::9.5pt::47.57587pt.
[964


]
l2hSize :tex2html_wrap_inline16411:10.38034pt::10.38034pt::137.84616pt.
[965


]
l2hSize :tex2html_wrap_inline16415:10.41026pt::10.41026pt::388.4431pt.

Overfull \hbox (42.82747pt too wide) in paragraph at lines 7044--7045
[]|[] 
 []

[966


]
l2hSize :tex2html_wrap_inline16418:10.01027pt::10.01027pt::189.81215pt.
[967


]
l2hSize :tex2html_wrap_inline16420:10.01027pt::10.01027pt::83.2562pt.
[968


]
l2hSize :tex2html_wrap_indisplay16427:16.9514pt::16.9514pt::119.16837pt.
[969


]
l2hSize :displaymath16429:137.99986pt::0.0pt::349.0pt.
[970


]
l2hSize :displaymath16431:177.66533pt::0.0pt::349.0pt.
[971


]
l2hSize :displaymath16433:177.66533pt::0.0pt::349.0pt.
[972


]
l2hSize :tex2html_wrap_inline16435:10.38034pt::10.38034pt::535.3574pt.

Overfull \hbox (189.74178pt too wide) in paragraph at lines 7109--7110
[]|[] 
 []

[973


]
l2hSize :tex2html_wrap_inline16437:10.38034pt::10.38034pt::142.7598pt.
[974


]
l2hSize :tex2html_wrap_inline16442:10.01027pt::10.01027pt::154.33032pt.
[975


]
l2hSize :tex2html_wrap_inline16444:9.68808pt::9.68808pt::105.61172pt.
[976


]
l2hSize :tex2html_wrap_inline16446:10.38034pt::10.38034pt::155.75052pt.
[977


]
l2hSize :displaymath16448:143.05037pt::0.0pt::349.0pt.
[978


]
l2hSize :tex2html_wrap_inline16450:9.5pt::9.5pt::79.97656pt.
[979


]
l2hSize :displaymath16452:54.52213pt::0.0pt::349.0pt.
[980


]
l2hSize :tex2html_wrap_inline16454:9.5pt::9.5pt::163.13141pt.
[981


]
l2hSize :tex2html_wrap_inline16456:9.5pt::9.5pt::31.07768pt.
[982


]
l2hSize :tex2html_wrap_inline16458:9.68808pt::9.68808pt::107.50114pt.
[983


]
l2hSize :tex2html_wrap_inline16460:10.01027pt::10.01027pt::137.80644pt.
[984


]
l2hSize :tex2html_wrap_inline16462:8.7pt::8.7pt::14.14569pt.
[985


]
l2hSize :tex2html_wrap_inline16464:8.7pt::8.7pt::14.14569pt.
[986


]
l2hSize :tex2html_wrap_inline16466:8.24811pt::8.24811pt::15.79568pt.
[987


]
l2hSize :displaymath16468:238.43625pt::0.0pt::349.0pt.
[988


]
l2hSize :tex2html_wrap_inline16470:9.5pt::9.5pt::47.57587pt.
[989


]
l2hSize :tex2html_wrap_inline16472:8.7pt::8.7pt::35.82599pt.
[990


]
l2hSize :tex2html_wrap_inline16474:10.38034pt::10.38034pt::82.30196pt.
[991


]
l2hSize :tex2html_wrap_indisplay16476:17.90013pt::17.90013pt::384.26828pt.

Overfull \hbox (38.65265pt too wide) in paragraph at lines 7252--7253
[]|[] 
 []

[992


]
l2hSize :displaymath16479:155.8499pt::0.0pt::349.0pt.
[993


]
l2hSize :tex2html_wrap_inline16481:8.24811pt::8.24811pt::41.40797pt.
[994


]
l2hSize :tex2html_wrap_inline16483:9.5pt::9.5pt::25.48308pt.
[995


]
l2hSize :tex2html_wrap_indisplay16485:11.4547pt::11.4547pt::138.05841pt.
[996


]
l2hSize :tex2html_wrap_inline16487:10.01027pt::10.01027pt::163.83044pt.
[997


]
l2hSize :tex2html_wrap_inline16489:8.83331pt::8.83331pt::32.00531pt.
[998


]
l2hSize :tex2html_wrap_inline16491:8.83331pt::8.83331pt::41.33867pt.
[999


]
l2hSize :tex2html_wrap_inline16493:9.6434pt::0.0pt::12.49661pt.
[1000


]
l2hSize :tex2html_wrap_inline16495:9.6434pt::0.0pt::19.10782pt.
[1001


]
l2hSize :tex2html_wrap_inline16497:9.6434pt::0.0pt::16.73962pt.
[1002


]
l2hSize :tex2html_wrap_inline16499:9.6434pt::0.0pt::23.35083pt.
[1003


]
l2hSize :displaymath16501:117.06001pt::0.0pt::349.0pt.
[1004


]
l2hSize :tex2html_wrap_inline16503:8.24811pt::8.24811pt::42.5525pt.
[1005


]
l2hSize :tex2html_wrap_inline16505:8.24811pt::8.24811pt::11.06654pt.
[1006


]
l2hSize :tex2html_wrap_indisplay16507:11.4547pt::11.4547pt::287.987pt.
[1007


]
l2hSize :tex2html_wrap_inline16509:11.2992pt::11.2992pt::163.78404pt.
[1008


]
l2hSize :displaymath16513:113.64844pt::0.0pt::349.0pt.
[1009


]
l2hSize :tex2html_wrap_inline16517:9.5pt::9.5pt::26.39049pt.
[1010


]

Package amsmath Warning: Foreign command \atopwithdelims;
(amsmath)                \frac or \genfrac should be used instead
(amsmath)                 on input line 7384.

l2hSize :tex2html_wrap_inline16519:18.25563pt::18.25563pt::172.23709pt.
[1011


]
l2hSize :tex2html_wrap_indisplay16521:21.85562pt::21.85562pt::124.69374pt.
[1012


]
l2hSize :tex2html_wrap_inline16523:11.2992pt::11.2992pt::259.68507pt.
[1013


]
l2hSize :tex2html_wrap_inline16525:9.5pt::9.5pt::19.86636pt.
[1014


]
l2hSize :tex2html_wrap_inline16527:10.8547pt::10.8547pt::49.94287pt.
[1015


]
l2hSize :tex2html_wrap_inline16529:8.24811pt::8.24811pt::33.82312pt.
[1016


]
l2hSize :tex2html_wrap_inline16531:11.2992pt::11.2992pt::129.19371pt.
[1017


]
l2hSize :tex2html_wrap_inline16541:10.01027pt::10.01027pt::192.37877pt.
[1018


]
l2hSize :tex2html_wrap_inline16543:7.74811pt::0.0pt::6.46233pt.
[1019


]
l2hSize :tex2html_wrap_inline16545:12.63332pt::12.63332pt::54.7717pt.
[1020


]
l2hSize :tex2html_wrap_inline16547:8.29915pt::8.29915pt::147.9562pt.
[1021


]
l2hSize :tex2html_wrap_inline16551:12.63332pt::12.63332pt::62.50912pt.
[1022


]
l2hSize :tex2html_wrap_inline16553:8.29915pt::8.29915pt::157.28957pt.
[1023


]
l2hSize :tex2html_wrap_inline16555:7.74811pt::0.0pt::6.46233pt.
[1024


]
l2hSize :tex2html_wrap_inline16557:12.63332pt::12.63332pt::110.9045pt.
[1025


]
l2hSize :tex2html_wrap_inline16559:10.01027pt::10.01027pt::159.86806pt.
[1026


]
l2hSize :tex2html_wrap_inline16561:12.63332pt::12.63332pt::304.49356pt.
[1027


]
l2hSize :tex2html_wrap_inline16566:7.74811pt::0.0pt::6.46233pt.
[1028


]
l2hSize :tex2html_wrap_inline16568:12.63332pt::12.63332pt::54.7717pt.
[1029


]
l2hSize :tex2html_wrap_inline16570:8.29915pt::8.29915pt::121.6648pt.
[1030


]
l2hSize :tex2html_wrap_inline16572:8.24811pt::8.24811pt::34.79675pt.
[1031


]
l2hSize :tex2html_wrap_inline16574:8.24811pt::8.24811pt::35.74106pt.
[1032


]
l2hSize :tex2html_wrap_inline16576:12.63332pt::12.63332pt::91.23093pt.
[1033


]
l2hSize :tex2html_wrap_inline16578:8.24811pt::8.24811pt::137.68774pt.
[1034


]
l2hSize :tex2html_wrap_inline16580:12.63332pt::12.63332pt::218.42612pt.
[1035


]
l2hSize :tex2html_wrap_inline16583:9.5pt::9.5pt::65.67845pt.
[1036


]
l2hSize :tex2html_wrap_inline16587:12.63332pt::12.63332pt::54.7717pt.
[1037


]
l2hSize :tex2html_wrap_inline16589:8.29915pt::8.29915pt::78.12204pt.
[1038


]
l2hSize :tex2html_wrap_inline16595:12.63332pt::12.63332pt::122.79892pt.
[1039


]
l2hSize :tex2html_wrap_inline16597:10.01027pt::10.01027pt::104.76999pt.
[1040


]
l2hSize :tex2html_wrap_inline16599:12.63332pt::12.63332pt::258.6607pt.
[1041


]
l2hSize :tex2html_wrap_inline16604:10.01027pt::10.01027pt::124.91124pt.
[1042


]
l2hSize :tex2html_wrap_inline16606:12.64531pt::12.64531pt::195.88385pt.
[1043


]
l2hSize :tex2html_wrap_inline16608:7.74811pt::0.0pt::29.81761pt.
[1044


]
l2hSize :tex2html_wrap_inline16612:9.5pt::9.5pt::167.12651pt.
[1045


]
l2hSize :tex2html_wrap_inline16614:8.24811pt::8.24811pt::122.79193pt.
[1046


]
l2hSize :tex2html_wrap_inline16616:8.24811pt::8.24811pt::144.35976pt.
[1047


]
l2hSize :tex2html_wrap_inline16618:8.24811pt::8.24811pt::98.79398pt.
[1048


]
l2hSize :tex2html_wrap_inline16620:7.74811pt::0.0pt::31.03845pt.
[1049


]
l2hSize :tex2html_wrap_inline16622:8.83331pt::8.83331pt::38.45514pt.
[1050


]
l2hSize :tex2html_wrap_inline16624:9.5pt::9.5pt::128.88815pt.
[1051


]
l2hSize :tex2html_wrap_inline16626:10.01027pt::10.01027pt::189.65283pt.
[1052


]
l2hSize :tex2html_wrap_inline16628:10.01027pt::10.01027pt::211.41522pt.
[1053


]
l2hSize :tex2html_wrap_inline16630:10.01027pt::10.01027pt::278.0606pt.
[1054


]
l2hSize :tex2html_wrap_inline16632:8.24811pt::8.24811pt::52.71875pt.
[1055


]
l2hSize :tex2html_wrap_inline16634:8.83331pt::8.83331pt::97.73514pt.
[1056


]
l2hSize :tex2html_wrap_inline16636:8.83331pt::8.83331pt::97.9297pt.
[1057


]
l2hSize :tex2html_wrap_inline16638:9.5pt::9.5pt::146.07251pt.
[1058


]
l2hSize :tex2html_wrap_inline16648:12.03824pt::12.03824pt::126.92453pt.
[1059


]
l2hSize :tex2html_wrap_inline16650:10.58986pt::10.58986pt::177.81113pt.
[1060


]
l2hSize :tex2html_wrap_indisplay16652:8.46431pt::8.46431pt::132.41444pt.
[1061


]
l2hSize :tex2html_wrap_inline16654:8.46431pt::8.46431pt::173.25803pt.
[1062


]
l2hSize :tex2html_wrap_inline16656:8.66922pt::8.66922pt::252.69626pt.
[1063


]
l2hSize :tex2html_wrap_inline16658:8.66922pt::8.66922pt::80.4815pt.
[1064


]
l2hSize :tex2html_wrap_inline16661:17.21117pt::17.21117pt::58.977pt.
[1065


]
l2hSize :tex2html_wrap_inline16665:8.7pt::8.7pt::11.42711pt.
[1066


]
l2hSize :tex2html_wrap_inline16667:17.21117pt::17.21117pt::88.89195pt.
[1067


]
l2hSize :tex2html_wrap_inline16669:17.21117pt::17.21117pt::48.11574pt.
[1068


]
l2hSize :tex2html_wrap_inline16671:9.5pt::9.5pt::42.78833pt.
[1069


]
l2hSize :tex2html_wrap_inline16677:17.21117pt::17.21117pt::182.24147pt.
[1070


]
l2hSize :tex2html_wrap_inline16679:17.21117pt::17.21117pt::58.977pt.
[1071


]
l2hSize :tex2html_wrap_inline16687:17.21117pt::17.21117pt::159.67273pt.
[1072


] (./images.aux) ) 
Here is how much of TeX's memory you used:
 5156 strings out of 94501
 61554 string characters out of 1161794
 173500 words of memory out of 1000000
 8242 multiletter control sequences out of 10000+50000
 13191 words of font info for 44 fonts, out of 500000 for 2000
 580 hyphenation exceptions out of 1000
 27i,14n,24p,382b,255s stack positions out of 1500i,500n,5000p,200000b,5000s

Output written on images.dvi (1072 pages, 433900 bytes).
